Archive member included to satisfy reference by file (symbol)

/home/once2go/Ac6/SystemWorkbench/plugins/fr.ac6.mcu.externaltools.arm-none.linux64_1.16.0.201807130628/tools/compiler/bin/../lib/gcc/arm-none-eabi/7.2.1/../../../../arm-none-eabi/lib/thumb/v7-m/libc_nano.a(lib_a-exit.o)
                              /home/once2go/Ac6/SystemWorkbench/plugins/fr.ac6.mcu.externaltools.arm-none.linux64_1.16.0.201807130628/tools/compiler/bin/../lib/gcc/arm-none-eabi/7.2.1/../../../../arm-none-eabi/lib/thumb/v7-m/crt0.o (exit)
/home/once2go/Ac6/SystemWorkbench/plugins/fr.ac6.mcu.externaltools.arm-none.linux64_1.16.0.201807130628/tools/compiler/bin/../lib/gcc/arm-none-eabi/7.2.1/../../../../arm-none-eabi/lib/thumb/v7-m/libc_nano.a(lib_a-impure.o)
                              /home/once2go/Ac6/SystemWorkbench/plugins/fr.ac6.mcu.externaltools.arm-none.linux64_1.16.0.201807130628/tools/compiler/bin/../lib/gcc/arm-none-eabi/7.2.1/../../../../arm-none-eabi/lib/thumb/v7-m/libc_nano.a(lib_a-exit.o) (_global_impure_ptr)
/home/once2go/Ac6/SystemWorkbench/plugins/fr.ac6.mcu.externaltools.arm-none.linux64_1.16.0.201807130628/tools/compiler/bin/../lib/gcc/arm-none-eabi/7.2.1/../../../../arm-none-eabi/lib/thumb/v7-m/libc_nano.a(lib_a-init.o)
                              /home/once2go/Ac6/SystemWorkbench/plugins/fr.ac6.mcu.externaltools.arm-none.linux64_1.16.0.201807130628/tools/compiler/bin/../lib/gcc/arm-none-eabi/7.2.1/../../../../arm-none-eabi/lib/thumb/v7-m/crt0.o (__libc_init_array)
/home/once2go/Ac6/SystemWorkbench/plugins/fr.ac6.mcu.externaltools.arm-none.linux64_1.16.0.201807130628/tools/compiler/bin/../lib/gcc/arm-none-eabi/7.2.1/../../../../arm-none-eabi/lib/thumb/v7-m/libc_nano.a(lib_a-memset.o)
                              /home/once2go/Ac6/SystemWorkbench/plugins/fr.ac6.mcu.externaltools.arm-none.linux64_1.16.0.201807130628/tools/compiler/bin/../lib/gcc/arm-none-eabi/7.2.1/../../../../arm-none-eabi/lib/thumb/v7-m/crt0.o (memset)
/home/once2go/Ac6/SystemWorkbench/plugins/fr.ac6.mcu.externaltools.arm-none.linux64_1.16.0.201807130628/tools/compiler/bin/../lib/gcc/arm-none-eabi/7.2.1/../../../../arm-none-eabi/lib/thumb/v7-m/libc_nano.a(lib_a-sprintf.o)
                              Src/sd.o (sprintf)
/home/once2go/Ac6/SystemWorkbench/plugins/fr.ac6.mcu.externaltools.arm-none.linux64_1.16.0.201807130628/tools/compiler/bin/../lib/gcc/arm-none-eabi/7.2.1/../../../../arm-none-eabi/lib/thumb/v7-m/libc_nano.a(lib_a-strlen.o)
                              Src/sd.o (strlen)
/home/once2go/Ac6/SystemWorkbench/plugins/fr.ac6.mcu.externaltools.arm-none.linux64_1.16.0.201807130628/tools/compiler/bin/../lib/gcc/arm-none-eabi/7.2.1/../../../../arm-none-eabi/lib/thumb/v7-m/libc_nano.a(lib_a-nano-svfprintf.o)
                              /home/once2go/Ac6/SystemWorkbench/plugins/fr.ac6.mcu.externaltools.arm-none.linux64_1.16.0.201807130628/tools/compiler/bin/../lib/gcc/arm-none-eabi/7.2.1/../../../../arm-none-eabi/lib/thumb/v7-m/libc_nano.a(lib_a-sprintf.o) (_svfprintf_r)
/home/once2go/Ac6/SystemWorkbench/plugins/fr.ac6.mcu.externaltools.arm-none.linux64_1.16.0.201807130628/tools/compiler/bin/../lib/gcc/arm-none-eabi/7.2.1/../../../../arm-none-eabi/lib/thumb/v7-m/libc_nano.a(lib_a-nano-vfprintf_i.o)
                              /home/once2go/Ac6/SystemWorkbench/plugins/fr.ac6.mcu.externaltools.arm-none.linux64_1.16.0.201807130628/tools/compiler/bin/../lib/gcc/arm-none-eabi/7.2.1/../../../../arm-none-eabi/lib/thumb/v7-m/libc_nano.a(lib_a-nano-svfprintf.o) (_printf_i)
/home/once2go/Ac6/SystemWorkbench/plugins/fr.ac6.mcu.externaltools.arm-none.linux64_1.16.0.201807130628/tools/compiler/bin/../lib/gcc/arm-none-eabi/7.2.1/../../../../arm-none-eabi/lib/thumb/v7-m/libc_nano.a(lib_a-memchr-stub.o)
                              /home/once2go/Ac6/SystemWorkbench/plugins/fr.ac6.mcu.externaltools.arm-none.linux64_1.16.0.201807130628/tools/compiler/bin/../lib/gcc/arm-none-eabi/7.2.1/../../../../arm-none-eabi/lib/thumb/v7-m/libc_nano.a(lib_a-nano-svfprintf.o) (memchr)
/home/once2go/Ac6/SystemWorkbench/plugins/fr.ac6.mcu.externaltools.arm-none.linux64_1.16.0.201807130628/tools/compiler/bin/../lib/gcc/arm-none-eabi/7.2.1/../../../../arm-none-eabi/lib/thumb/v7-m/libc_nano.a(lib_a-memcpy-stub.o)
                              /home/once2go/Ac6/SystemWorkbench/plugins/fr.ac6.mcu.externaltools.arm-none.linux64_1.16.0.201807130628/tools/compiler/bin/../lib/gcc/arm-none-eabi/7.2.1/../../../../arm-none-eabi/lib/thumb/v7-m/libc_nano.a(lib_a-nano-svfprintf.o) (memcpy)
/home/once2go/Ac6/SystemWorkbench/plugins/fr.ac6.mcu.externaltools.arm-none.linux64_1.16.0.201807130628/tools/compiler/bin/../lib/gcc/arm-none-eabi/7.2.1/../../../../arm-none-eabi/lib/thumb/v7-m/libc_nano.a(lib_a-memmove.o)
                              /home/once2go/Ac6/SystemWorkbench/plugins/fr.ac6.mcu.externaltools.arm-none.linux64_1.16.0.201807130628/tools/compiler/bin/../lib/gcc/arm-none-eabi/7.2.1/../../../../arm-none-eabi/lib/thumb/v7-m/libc_nano.a(lib_a-nano-svfprintf.o) (memmove)
[...]
Memory Configuration

Name             Origin             Length             Attributes
RAM              0x0000000020000000 0x0000000000004000 xrw
FLASH            0x0000000008000000 0x0000000000040000 xr
*default*        0x0000000000000000 0xffffffffffffffff

Linker script and memory map

LOAD /home/once2go/Ac6/SystemWorkbench/plugins/fr.ac6.mcu.externaltools.arm-none.linux64_1.16.0.201807130628/tools/compiler/bin/../lib/gcc/arm-none-eabi/7.2.1/thumb/v7-m/crti.o
LOAD /home/once2go/Ac6/SystemWorkbench/plugins/fr.ac6.mcu.externaltools.arm-none.linux64_1.16.0.201807130628/tools/compiler/bin/../lib/gcc/arm-none-eabi/7.2.1/thumb/v7-m/crtbegin.o
LOAD /home/once2go/Ac6/SystemWorkbench/plugins/fr.ac6.mcu.externaltools.arm-none.linux64_1.16.0.201807130628/tools/compiler/bin/../lib/gcc/arm-none-eabi/7.2.1/../../../../arm-none-eabi/lib/thumb/v7-m/crt0.o
LOAD Drivers/STM32L1xx_HAL_Driver/Src/stm32l1xx_hal.o
LOAD Drivers/STM32L1xx_HAL_Driver/Src/stm32l1xx_hal_cortex.o
LOAD Drivers/STM32L1xx_HAL_Driver/Src/stm32l1xx_hal_dma.o
LOAD Drivers/STM32L1xx_HAL_Driver/Src/stm32l1xx_hal_flash.o
LOAD Drivers/STM32L1xx_HAL_Driver/Src/stm32l1xx_hal_flash_ex.o
LOAD Drivers/STM32L1xx_HAL_Driver/Src/stm32l1xx_hal_flash_ramfunc.o
LOAD Drivers/STM32L1xx_HAL_Driver/Src/stm32l1xx_hal_gpio.o
LOAD Drivers/STM32L1xx_HAL_Driver/Src/stm32l1xx_hal_i2s.o
LOAD Drivers/STM32L1xx_HAL_Driver/Src/stm32l1xx_hal_pwr.o
LOAD Drivers/STM32L1xx_HAL_Driver/Src/stm32l1xx_hal_pwr_ex.o
LOAD Drivers/STM32L1xx_HAL_Driver/Src/stm32l1xx_hal_rcc.o
LOAD Drivers/STM32L1xx_HAL_Driver/Src/stm32l1xx_hal_rcc_ex.o
LOAD Drivers/STM32L1xx_HAL_Driver/Src/stm32l1xx_hal_spi.o
LOAD Drivers/STM32L1xx_HAL_Driver/Src/stm32l1xx_hal_spi_ex.o
LOAD Drivers/STM32L1xx_HAL_Driver/Src/stm32l1xx_hal_tim.o
LOAD Drivers/STM32L1xx_HAL_Driver/Src/stm32l1xx_hal_tim_ex.o
LOAD Drivers/STM32L1xx_HAL_Driver/Src/stm32l1xx_hal_uart.o
LOAD Middlewares/Third_Party/FatFs/src/diskio.o
LOAD Middlewares/Third_Party/FatFs/src/ff.o
LOAD Middlewares/Third_Party/FatFs/src/ff_gen_drv.o
LOAD Middlewares/Third_Party/FatFs/src/option/ccsbcs.o
LOAD Middlewares/Third_Party/FatFs/src/option/syscall.o
LOAD Src/fatfs.o
LOAD Src/main.o
LOAD Src/sd.o
LOAD Src/stm32l1xx_hal_msp.o
LOAD Src/stm32l1xx_it.o
LOAD Src/system_stm32l1xx.o
LOAD Src/user_diskio.o
LOAD startup/startup_stm32l100xc.o
LOAD /home/once2go/Ac6/SystemWorkbench/plugins/fr.ac6.mcu.externaltools.arm-none.linux64_1.16.0.201807130628/tools/compiler/bin/../lib/gcc/arm-none-eabi/7.2.1/../../../../arm-none-eabi/lib/thumb/v7-m/libm.a
START GROUP
LOAD /home/once2go/Ac6/SystemWorkbench/plugins/fr.ac6.mcu.externaltools.arm-none.linux64_1.16.0.201807130628/tools/compiler/bin/../lib/gcc/arm-none-eabi/7.2.1/thumb/v7-m/libgcc.a
LOAD /home/once2go/Ac6/SystemWorkbench/plugins/fr.ac6.mcu.externaltools.arm-none.linux64_1.16.0.201807130628/tools/compiler/bin/../lib/gcc/arm-none-eabi/7.2.1/../../../../arm-none-eabi/lib/thumb/v7-m/libc_nano.a
END GROUP
START GROUP
LOAD /home/once2go/Ac6/SystemWorkbench/plugins/fr.ac6.mcu.externaltools.arm-none.linux64_1.16.0.201807130628/tools/compiler/bin/../lib/gcc/arm-none-eabi/7.2.1/thumb/v7-m/libgcc.a
LOAD /home/once2go/Ac6/SystemWorkbench/plugins/fr.ac6.mcu.externaltools.arm-none.linux64_1.16.0.201807130628/tools/compiler/bin/../lib/gcc/arm-none-eabi/7.2.1/../../../../arm-none-eabi/lib/thumb/v7-m/libc_nano.a
LOAD /home/once2go/Ac6/SystemWorkbench/plugins/fr.ac6.mcu.externaltools.arm-none.linux64_1.16.0.201807130628/tools/compiler/bin/../lib/gcc/arm-none-eabi/7.2.1/../../../../arm-none-eabi/lib/thumb/v7-m/libnosys.a
END GROUP
START GROUP
LOAD /home/once2go/Ac6/SystemWorkbench/plugins/fr.ac6.mcu.externaltools.arm-none.linux64_1.16.0.201807130628/tools/compiler/bin/../lib/gcc/arm-none-eabi/7.2.1/thumb/v7-m/libgcc.a
LOAD /home/once2go/Ac6/SystemWorkbench/plugins/fr.ac6.mcu.externaltools.arm-none.linux64_1.16.0.201807130628/tools/compiler/bin/../lib/gcc/arm-none-eabi/7.2.1/../../../../arm-none-eabi/lib/thumb/v7-m/libc_nano.a
LOAD /home/once2go/Ac6/SystemWorkbench/plugins/fr.ac6.mcu.externaltools.arm-none.linux64_1.16.0.201807130628/tools/compiler/bin/../lib/gcc/arm-none-eabi/7.2.1/../../../../arm-none-eabi/lib/thumb/v7-m/libnosys.a
END GROUP
LOAD /home/once2go/Ac6/SystemWorkbench/plugins/fr.ac6.mcu.externaltools.arm-none.linux64_1.16.0.201807130628/tools/compiler/bin/../lib/gcc/arm-none-eabi/7.2.1/thumb/v7-m/crtend.o
LOAD /home/once2go/Ac6/SystemWorkbench/plugins/fr.ac6.mcu.externaltools.arm-none.linux64_1.16.0.201807130628/tools/compiler/bin/../lib/gcc/arm-none-eabi/7.2.1/thumb/v7-m/crtn.o
                0x0000000020004000                _estack = 0x20004000
                0x0000000000000200                _Min_Heap_Size = 0x200
                0x0000000000000400                _Min_Stack_Size = 0x400

.isr_vector     0x0000000008000000      0x13c
                0x0000000008000000                . = ALIGN (0x4)
 *(.isr_vector)
 .isr_vector    0x0000000008000000      0x13c startup/startup_stm32l100xc.o
                0x0000000008000000                g_pfnVectors
                0x000000000800013c                . = ALIGN (0x4)

.text           0x000000000800013c     0x32c8
                0x000000000800013c                . = ALIGN (0x4)
 *(.text)
 .text          0x000000000800013c       0x40 /home/once2go/Ac6/SystemWorkbench/plugins/fr.ac6.mcu.externaltools.arm-none.linux64_1.16.0.201807130628/tools/compiler/bin/../lib/gcc/arm-none-eabi/7.2.1/thumb/v7-m/crtbegin.o
 .text          0x000000000800017c       0x10 /home/once2go/Ac6/SystemWorkbench/plugins/fr.ac6.mcu.externaltools.arm-none.linux64_1.16.0.201807130628/tools/compiler/bin/../lib/gcc/arm-none-eabi/7.2.1/../../../../arm-none-eabi/lib/thumb/v7-m/libc_nano.a(lib_a-strlen.o)
                0x000000000800017c                strlen
 *(.text*)
 .text.HAL_InitTick
                0x000000000800018c       0x2c Drivers/STM32L1xx_HAL_Driver/Src/stm32l1xx_hal.o
                0x000000000800018c                HAL_InitTick
 .text.HAL_Init
                0x00000000080001b8       0x16 Drivers/STM32L1xx_HAL_Driver/Src/stm32l1xx_hal.o
                0x00000000080001b8                HAL_Init
 *fill*         0x00000000080001ce        0x2 
 .text.HAL_IncTick
                0x00000000080001d0       0x10 Drivers/STM32L1xx_HAL_Driver/Src/stm32l1xx_hal.o
                0x00000000080001d0                HAL_IncTick
 .text.HAL_GetTick
                0x00000000080001e0        0xc Drivers/STM32L1xx_HAL_Driver/Src/stm32l1xx_hal.o
                0x00000000080001e0                HAL_GetTick
 .text.HAL_Delay
                0x00000000080001ec       0x1c Drivers/STM32L1xx_HAL_Driver/Src/stm32l1xx_hal.o
                0x00000000080001ec                HAL_Delay
 .text.HAL_NVIC_SetPriorityGrouping
                0x0000000008000208       0x24 Drivers/STM32L1xx_HAL_Driver/Src/stm32l1xx_hal_cortex.o
                0x0000000008000208                HAL_NVIC_SetPriorityGrouping
 .text.HAL_NVIC_SetPriority
                0x000000000800022c       0x68 Drivers/STM32L1xx_HAL_Driver/Src/stm32l1xx_hal_cortex.o
                0x000000000800022c                HAL_NVIC_SetPriority
 .text.HAL_NVIC_EnableIRQ
                0x0000000008000294       0x18 Drivers/STM32L1xx_HAL_Driver/Src/stm32l1xx_hal_cortex.o
                0x0000000008000294                HAL_NVIC_EnableIRQ
 .text.HAL_SYSTICK_Config
                0x00000000080002ac       0x2c Drivers/STM32L1xx_HAL_Driver/Src/stm32l1xx_hal_cortex.o
                0x00000000080002ac                HAL_SYSTICK_Config
 .text.HAL_DMA_Init
                0x00000000080002d8       0xa0 Drivers/STM32L1xx_HAL_Driver/Src/stm32l1xx_hal_dma.o
                0x00000000080002d8                HAL_DMA_Init
 .text.HAL_DMA_IRQHandler
                0x0000000008000378       0xb4 Drivers/STM32L1xx_HAL_Driver/Src/stm32l1xx_hal_dma.o
                0x0000000008000378                HAL_DMA_IRQHandler
 .text.HAL_GPIO_Init
                0x000000000800042c      0x188 Drivers/STM32L1xx_HAL_Driver/Src/stm32l1xx_hal_gpio.o
                0x000000000800042c                HAL_GPIO_Init
 .text.HAL_GPIO_WritePin
                0x00000000080005b4        0xc Drivers/STM32L1xx_HAL_Driver/Src/stm32l1xx_hal_gpio.o
                0x00000000080005b4                HAL_GPIO_WritePin
 .text.HAL_I2S_Init
                0x00000000080005c0       0xc8 Drivers/STM32L1xx_HAL_Driver/Src/stm32l1xx_hal_i2s.o
                0x00000000080005c0                HAL_I2S_Init
 .text.RCC_SetFlashLatencyFromMSIRange
                0x0000000008000688       0x94 Drivers/STM32L1xx_HAL_Driver/Src/stm32l1xx_hal_rcc.o
 .text.HAL_RCC_OscConfig
                0x000000000800071c      0x78c Drivers/STM32L1xx_HAL_Driver/Src/stm32l1xx_hal_rcc.o
                0x000000000800071c                HAL_RCC_OscConfig
 .text.HAL_RCC_GetSysClockFreq
                0x0000000008000ea8       0x9c Drivers/STM32L1xx_HAL_Driver/Src/stm32l1xx_hal_rcc.o
                0x0000000008000ea8                HAL_RCC_GetSysClockFreq
 .text.HAL_RCC_ClockConfig
                0x0000000008000f44      0x248 Drivers/STM32L1xx_HAL_Driver/Src/stm32l1xx_hal_rcc.o
                0x0000000008000f44                HAL_RCC_ClockConfig
 .text.HAL_RCC_GetHCLKFreq
                0x000000000800118c        0xc Drivers/STM32L1xx_HAL_Driver/Src/stm32l1xx_hal_rcc.o
                0x000000000800118c                HAL_RCC_GetHCLKFreq
 .text.HAL_RCC_GetPCLK1Freq
                0x0000000008001198       0x2c Drivers/STM32L1xx_HAL_Driver/Src/stm32l1xx_hal_rcc.o
                0x0000000008001198                HAL_RCC_GetPCLK1Freq
 .text.HAL_RCC_GetPCLK2Freq
                0x00000000080011c4       0x2c Drivers/STM32L1xx_HAL_Driver/Src/stm32l1xx_hal_rcc.o
                0x00000000080011c4                HAL_RCC_GetPCLK2Freq
 .text.SPI_WaitOnFlagUntilTimeout
                0x00000000080011f0       0xde Drivers/STM32L1xx_HAL_Driver/Src/stm32l1xx_hal_spi.o
 .text.HAL_SPI_TransmitReceive
                0x00000000080012ce      0x38a Drivers/STM32L1xx_HAL_Driver/Src/stm32l1xx_hal_spi.o
                0x00000000080012ce                HAL_SPI_TransmitReceive
 .text.HAL_SPI_Init
                0x0000000008001658       0x82 Drivers/STM32L1xx_HAL_Driver/Src/stm32l1xx_hal_spi_ex.o
                0x0000000008001658                HAL_SPI_Init
 *fill*         0x00000000080016da        0x2 
 .text.TIM_Base_SetConfig
                0x00000000080016dc       0x70 Drivers/STM32L1xx_HAL_Driver/Src/stm32l1xx_hal_tim.o
 .text.TIM_TI1_ConfigInputStage
                0x000000000800174c       0x24 Drivers/STM32L1xx_HAL_Driver/Src/stm32l1xx_hal_tim.o
 .text.TIM_TI2_ConfigInputStage
                0x0000000008001770       0x26 Drivers/STM32L1xx_HAL_Driver/Src/stm32l1xx_hal_tim.o
 .text.TIM_ITRx_SetConfig
                0x0000000008001796       0x10 Drivers/STM32L1xx_HAL_Driver/Src/stm32l1xx_hal_tim.o
 .text.TIM_ETR_SetConfig
                0x00000000080017a6       0x16 Drivers/STM32L1xx_HAL_Driver/Src/stm32l1xx_hal_tim.o
 .text.HAL_TIM_Base_Init
                0x00000000080017bc       0x32 Drivers/STM32L1xx_HAL_Driver/Src/stm32l1xx_hal_tim.o
                0x00000000080017bc                HAL_TIM_Base_Init
 .text.HAL_TIM_Base_Start_IT
                0x00000000080017ee       0x18 Drivers/STM32L1xx_HAL_Driver/Src/stm32l1xx_hal_tim.o
                0x00000000080017ee                HAL_TIM_Base_Start_IT
 .text.HAL_TIM_ConfigClockSource
                0x0000000008001806      0x108 Drivers/STM32L1xx_HAL_Driver/Src/stm32l1xx_hal_tim.o
                0x0000000008001806                HAL_TIM_ConfigClockSource
 .text.HAL_TIM_OC_DelayElapsedCallback
                0x000000000800190e        0x2 Drivers/STM32L1xx_HAL_Driver/Src/stm32l1xx_hal_tim.o
                0x000000000800190e                HAL_TIM_OC_DelayElapsedCallback
 .text.HAL_TIM_IC_CaptureCallback
                0x0000000008001910        0x2 Drivers/STM32L1xx_HAL_Driver/Src/stm32l1xx_hal_tim.o
                0x0000000008001910                HAL_TIM_IC_CaptureCallback
 .text.HAL_TIM_PWM_PulseFinishedCallback
                0x0000000008001912        0x2 Drivers/STM32L1xx_HAL_Driver/Src/stm32l1xx_hal_tim.o
                0x0000000008001912                HAL_TIM_PWM_PulseFinishedCallback
 .text.HAL_TIM_TriggerCallback
                0x0000000008001914        0x2 Drivers/STM32L1xx_HAL_Driver/Src/stm32l1xx_hal_tim.o
                0x0000000008001914                HAL_TIM_TriggerCallback
 .text.HAL_TIM_IRQHandler
                0x0000000008001916      0x13a Drivers/STM32L1xx_HAL_Driver/Src/stm32l1xx_hal_tim.o
                0x0000000008001916                HAL_TIM_IRQHandler
 .text.HAL_TIMEx_MasterConfigSynchronization
                0x0000000008001a50       0x52 Drivers/STM32L1xx_HAL_Driver/Src/stm32l1xx_hal_tim_ex.o
                0x0000000008001a50                HAL_TIMEx_MasterConfigSynchronization
 .text.UART_Transmit_IT
                0x0000000008001aa2       0x6c Drivers/STM32L1xx_HAL_Driver/Src/stm32l1xx_hal_uart.o
 *fill*         0x0000000008001b0e        0x2 
 .text.UART_SetConfig
                0x0000000008001b10      0x320 Drivers/STM32L1xx_HAL_Driver/Src/stm32l1xx_hal_uart.o
 .text.UART_WaitOnFlagUntilTimeout
                0x0000000008001e30       0xca Drivers/STM32L1xx_HAL_Driver/Src/stm32l1xx_hal_uart.o
 .text.HAL_UART_Init
                0x0000000008001efa       0x5a Drivers/STM32L1xx_HAL_Driver/Src/stm32l1xx_hal_uart.o
                0x0000000008001efa                HAL_UART_Init
 .text.HAL_UART_Transmit
                0x0000000008001f54       0xe8 Drivers/STM32L1xx_HAL_Driver/Src/stm32l1xx_hal_uart.o
                0x0000000008001f54                HAL_UART_Transmit
 .text.HAL_UART_TxCpltCallback
                0x000000000800203c        0x2 Drivers/STM32L1xx_HAL_Driver/Src/stm32l1xx_hal_uart.o
                0x000000000800203c                HAL_UART_TxCpltCallback
 .text.UART_EndTransmit_IT
                0x000000000800203e       0x2c Drivers/STM32L1xx_HAL_Driver/Src/stm32l1xx_hal_uart.o
 .text.HAL_UART_RxCpltCallback
                0x000000000800206a        0x2 Drivers/STM32L1xx_HAL_Driver/Src/stm32l1xx_hal_uart.o
                0x000000000800206a                HAL_UART_RxCpltCallback
 .text.UART_Receive_IT
                0x000000000800206c       0xb6 Drivers/STM32L1xx_HAL_Driver/Src/stm32l1xx_hal_uart.o
 .text.HAL_UART_ErrorCallback
                0x0000000008002122        0x2 Drivers/STM32L1xx_HAL_Driver/Src/stm32l1xx_hal_uart.o
                0x0000000008002122                HAL_UART_ErrorCallback
 .text.HAL_UART_IRQHandler
                0x0000000008002124       0xca Drivers/STM32L1xx_HAL_Driver/Src/stm32l1xx_hal_uart.o
                0x0000000008002124                HAL_UART_IRQHandler
 *fill*         0x00000000080021ee        0x2 
 .text.disk_initialize
                0x00000000080021f0       0x28 Middlewares/Third_Party/FatFs/src/diskio.o
                0x00000000080021f0                disk_initialize
 .text.FATFS_LinkDriverEx
                0x0000000008002218       0x4c Middlewares/Third_Party/FatFs/src/ff_gen_drv.o
                0x0000000008002218                FATFS_LinkDriverEx
 .text.FATFS_LinkDriver
                0x0000000008002264        0xa Middlewares/Third_Party/FatFs/src/ff_gen_drv.o
                0x0000000008002264                FATFS_LinkDriver
 *fill*         0x000000000800226e        0x2 
 .text.MX_FATFS_Init
                0x0000000008002270       0x1c Src/fatfs.o
                0x0000000008002270                MX_FATFS_Init
 .text.MX_GPIO_Init
                0x000000000800228c       0xc8 Src/main.o
 .text.MX_DMA_Init
                0x0000000008002354       0x34 Src/main.o
 .text.MX_SPI2_Init
                0x0000000008002388       0x38 Src/main.o
 .text.MX_USART1_UART_Init
                0x00000000080023c0       0x2c Src/main.o
 .text.MX_TIM2_Init
                0x00000000080023ec       0x50 Src/main.o
 .text.MX_I2S3_Init
                0x000000000800243c       0x2c Src/main.o
 .text.SystemClock_Config
                0x0000000008002468       0x6c Src/main.o
                0x0000000008002468                SystemClock_Config
 .text.main     0x00000000080024d4       0x44 Src/main.o
                0x00000000080024d4                main
 .text.HAL_TIM_PeriodElapsedCallback
                0x0000000008002518       0x1c Src/main.o
                0x0000000008002518                HAL_TIM_PeriodElapsedCallback
 .text.Error_Handler
                0x0000000008002534        0x2 Src/main.o
                0x0000000008002534                Error_Handler
 *fill*         0x0000000008002536        0x2 
 .text.Error    0x0000000008002538       0x14 Src/sd.o
 .text.SPIx_WriteRead
                0x000000000800254c       0x38 Src/sd.o
                0x000000000800254c                SPIx_WriteRead
 .text.SPI_SendByte
                0x0000000008002584        0x8 Src/sd.o
                0x0000000008002584                SPI_SendByte
 .text.SPI_ReceiveByte
                0x000000000800258c        0xa Src/sd.o
                0x000000000800258c                SPI_ReceiveByte
 *fill*         0x0000000008002596        0x2 
 .text.SD_cmd   0x0000000008002598       0x94 Src/sd.o
                0x0000000008002598                SD_cmd
 .text.SPI_Release
                0x000000000800262c        0xa Src/sd.o
                0x000000000800262c                SPI_Release
 *fill*         0x0000000008002636        0x2 
 .text.sd_init  0x0000000008002638      0x1cc Src/sd.o
                0x0000000008002638                sd_init
 .text.HAL_MspInit
                0x0000000008002804       0x4c Src/stm32l1xx_hal_msp.o
                0x0000000008002804                HAL_MspInit
 .text.HAL_I2S_MspInit
                0x0000000008002850       0x90 Src/stm32l1xx_hal_msp.o
                0x0000000008002850                HAL_I2S_MspInit
 .text.HAL_SPI_MspInit
                0x00000000080028e0       0x6c Src/stm32l1xx_hal_msp.o
                0x00000000080028e0                HAL_SPI_MspInit
 .text.HAL_TIM_Base_MspInit
                0x000000000800294c       0x3a Src/stm32l1xx_hal_msp.o
                0x000000000800294c                HAL_TIM_Base_MspInit
 *fill*         0x0000000008002986        0x2 
 .text.HAL_UART_MspInit
                0x0000000008002988       0xb4 Src/stm32l1xx_hal_msp.o
                0x0000000008002988                HAL_UART_MspInit
 .text.NMI_Handler
                0x0000000008002a3c        0x2 Src/stm32l1xx_it.o
                0x0000000008002a3c                NMI_Handler
 .text.HardFault_Handler
                0x0000000008002a3e        0x2 Src/stm32l1xx_it.o
                0x0000000008002a3e                HardFault_Handler
 .text.MemManage_Handler
                0x0000000008002a40        0x2 Src/stm32l1xx_it.o
                0x0000000008002a40                MemManage_Handler
 .text.BusFault_Handler
                0x0000000008002a42        0x2 Src/stm32l1xx_it.o
                0x0000000008002a42                BusFault_Handler
 .text.UsageFault_Handler
                0x0000000008002a44        0x2 Src/stm32l1xx_it.o
                0x0000000008002a44                UsageFault_Handler
 .text.SVC_Handler
                0x0000000008002a46        0x2 Src/stm32l1xx_it.o
                0x0000000008002a46                SVC_Handler
 .text.DebugMon_Handler
                0x0000000008002a48        0x2 Src/stm32l1xx_it.o
                0x0000000008002a48                DebugMon_Handler
 .text.PendSV_Handler
                0x0000000008002a4a        0x2 Src/stm32l1xx_it.o
                0x0000000008002a4a                PendSV_Handler
 .text.SysTick_Handler
                0x0000000008002a4c        0x8 Src/stm32l1xx_it.o
                0x0000000008002a4c                SysTick_Handler
 .text.DMA1_Channel4_IRQHandler
                0x0000000008002a54       0x10 Src/stm32l1xx_it.o
                0x0000000008002a54                DMA1_Channel4_IRQHandler
 .text.TIM2_IRQHandler
                0x0000000008002a64       0x10 Src/stm32l1xx_it.o
                0x0000000008002a64                TIM2_IRQHandler
 .text.USART1_IRQHandler
                0x0000000008002a74       0x10 Src/stm32l1xx_it.o
                0x0000000008002a74                USART1_IRQHandler
 .text.SystemInit
                0x0000000008002a84       0x48 Src/system_stm32l1xx.o
                0x0000000008002a84                SystemInit
 .text.USER_status
                0x0000000008002acc       0x10 Src/user_diskio.o
                0x0000000008002acc                USER_status
 .text.USER_read
                0x0000000008002adc        0x4 Src/user_diskio.o
                0x0000000008002adc                USER_read
 .text.USER_write
                0x0000000008002ae0        0x4 Src/user_diskio.o
                0x0000000008002ae0                USER_write
 .text.USER_ioctl
                0x0000000008002ae4        0x4 Src/user_diskio.o
                0x0000000008002ae4                USER_ioctl
 .text.USER_initialize
                0x0000000008002ae8       0x24 Src/user_diskio.o
                0x0000000008002ae8                USER_initialize
 .text.Reset_Handler
                0x0000000008002b0c       0x48 startup/startup_stm32l100xc.o
                0x0000000008002b0c                Reset_Handler
 .text.Default_Handler
                0x0000000008002b54        0x2 startup/startup_stm32l100xc.o
                0x0000000008002b54                RTC_Alarm_IRQHandler
                0x0000000008002b54                EXTI2_IRQHandler
                0x0000000008002b54                COMP_ACQ_IRQHandler
                0x0000000008002b54                TIM10_IRQHandler
                0x0000000008002b54                USB_HP_IRQHandler
                0x0000000008002b54                TIM6_IRQHandler
                0x0000000008002b54                PVD_IRQHandler
                0x0000000008002b54                EXTI3_IRQHandler
                0x0000000008002b54                EXTI0_IRQHandler
                0x0000000008002b54                I2C2_EV_IRQHandler
                0x0000000008002b54                SPI1_IRQHandler
                0x0000000008002b54                USB_FS_WKUP_IRQHandler
                0x0000000008002b54                DMA2_Channel2_IRQHandler
                0x0000000008002b54                ADC1_IRQHandler
                0x0000000008002b54                USART3_IRQHandler
                0x0000000008002b54                DMA1_Channel7_IRQHandler
                0x0000000008002b54                LCD_IRQHandler
                0x0000000008002b54                TIM4_IRQHandler
                0x0000000008002b54                DMA2_Channel1_IRQHandler
                0x0000000008002b54                I2C1_EV_IRQHandler
                0x0000000008002b54                DMA1_Channel6_IRQHandler
                0x0000000008002b54                DMA2_Channel4_IRQHandler
                0x0000000008002b54                TIM3_IRQHandler
                0x0000000008002b54                RCC_IRQHandler
                0x0000000008002b54                DMA1_Channel1_IRQHandler
                0x0000000008002b54                Default_Handler
                0x0000000008002b54                EXTI15_10_IRQHandler
                0x0000000008002b54                TIM7_IRQHandler
                0x0000000008002b54                EXTI9_5_IRQHandler
                0x0000000008002b54                TIM9_IRQHandler
                0x0000000008002b54                TAMPER_STAMP_IRQHandler
                0x0000000008002b54                RTC_WKUP_IRQHandler
                0x0000000008002b54                SPI2_IRQHandler
                0x0000000008002b54                DMA2_Channel5_IRQHandler
                0x0000000008002b54                DMA1_Channel5_IRQHandler
                0x0000000008002b54                USB_LP_IRQHandler
                0x0000000008002b54                EXTI4_IRQHandler
                0x0000000008002b54                DMA1_Channel3_IRQHandler
                0x0000000008002b54                COMP_IRQHandler
                0x0000000008002b54                WWDG_IRQHandler
                0x0000000008002b54                DAC_IRQHandler
                0x0000000008002b54                EXTI1_IRQHandler
                0x0000000008002b54                TIM11_IRQHandler
                0x0000000008002b54                USART2_IRQHandler
                0x0000000008002b54                I2C2_ER_IRQHandler
                0x0000000008002b54                DMA1_Channel2_IRQHandler
                0x0000000008002b54                FLASH_IRQHandler
                0x0000000008002b54                SPI3_IRQHandler
                0x0000000008002b54                I2C1_ER_IRQHandler
                0x0000000008002b54                DMA2_Channel3_IRQHandler
 *fill*         0x0000000008002b56        0x2 
 .text.__libc_init_array
                0x0000000008002b58       0x48 /home/once2go/Ac6/SystemWorkbench/plugins/fr.ac6.mcu.externaltools.arm-none.linux64_1.16.0.201807130628/tools/compiler/bin/../lib/gcc/arm-none-eabi/7.2.1/../../../../arm-none-eabi/lib/thumb/v7-m/libc_nano.a(lib_a-init.o)
                0x0000000008002b58                __libc_init_array
 .text.memset   0x0000000008002ba0       0x10 /home/once2go/Ac6/SystemWorkbench/plugins/fr.ac6.mcu.externaltools.arm-none.linux64_1.16.0.201807130628/tools/compiler/bin/../lib/gcc/arm-none-eabi/7.2.1/../../../../arm-none-eabi/lib/thumb/v7-m/libc_nano.a(lib_a-memset.o)
                0x0000000008002ba0                memset
 .text.sprintf  0x0000000008002bb0       0x40 /home/once2go/Ac6/SystemWorkbench/plugins/fr.ac6.mcu.externaltools.arm-none.linux64_1.16.0.201807130628/tools/compiler/bin/../lib/gcc/arm-none-eabi/7.2.1/../../../../arm-none-eabi/lib/thumb/v7-m/libc_nano.a(lib_a-sprintf.o)
                0x0000000008002bb0                sprintf
                0x0000000008002bb0                siprintf
 .text.__ssputs_r
                0x0000000008002bf0       0xb4 /home/once2go/Ac6/SystemWorkbench/plugins/fr.ac6.mcu.externaltools.arm-none.linux64_1.16.0.201807130628/tools/compiler/bin/../lib/gcc/arm-none-eabi/7.2.1/../../../../arm-none-eabi/lib/thumb/v7-m/libc_nano.a(lib_a-nano-svfprintf.o)
                0x0000000008002bf0                __ssputs_r
 .text._svfprintf_r
                0x0000000008002ca4      0x1ec /home/once2go/Ac6/SystemWorkbench/plugins/fr.ac6.mcu.externaltools.arm-none.linux64_1.16.0.201807130628/tools/compiler/bin/../lib/gcc/arm-none-eabi/7.2.1/../../../../arm-none-eabi/lib/thumb/v7-m/libc_nano.a(lib_a-nano-svfprintf.o)
                0x0000000008002ca4                _svfprintf_r
                0x0000000008002ca4                _svfiprintf_r
 .text._printf_common
                0x0000000008002e90       0xec /home/once2go/Ac6/SystemWorkbench/plugins/fr.ac6.mcu.externaltools.arm-none.linux64_1.16.0.201807130628/tools/compiler/bin/../lib/gcc/arm-none-eabi/7.2.1/../../../../arm-none-eabi/lib/thumb/v7-m/libc_nano.a(lib_a-nano-vfprintf_i.o)
                0x0000000008002e90                _printf_common
 .text._printf_i
                0x0000000008002f7c      0x224 /home/once2go/Ac6/SystemWorkbench/plugins/fr.ac6.mcu.externaltools.arm-none.linux64_1.16.0.201807130628/tools/compiler/bin/../lib/gcc/arm-none-eabi/7.2.1/../../../../arm-none-eabi/lib/thumb/v7-m/libc_nano.a(lib_a-nano-vfprintf_i.o)
                0x0000000008002f7c                _printf_i
 .text.memchr   0x00000000080031a0       0x1c /home/once2go/Ac6/SystemWorkbench/plugins/fr.ac6.mcu.externaltools.arm-none.linux64_1.16.0.201807130628/tools/compiler/bin/../lib/gcc/arm-none-eabi/7.2.1/../../../../arm-none-eabi/lib/thumb/v7-m/libc_nano.a(lib_a-memchr-stub.o)
                0x00000000080031a0                memchr
 .text.memcpy   0x00000000080031bc       0x16 /home/once2go/Ac6/SystemWorkbench/plugins/fr.ac6.mcu.externaltools.arm-none.linux64_1.16.0.201807130628/tools/compiler/bin/../lib/gcc/arm-none-eabi/7.2.1/../../../../arm-none-eabi/lib/thumb/v7-m/libc_nano.a(lib_a-memcpy-stub.o)
                0x00000000080031bc                memcpy
 .text.memmove  0x00000000080031d2       0x32 /home/once2go/Ac6/SystemWorkbench/plugins/fr.ac6.mcu.externaltools.arm-none.linux64_1.16.0.201807130628/tools/compiler/bin/../lib/gcc/arm-none-eabi/7.2.1/../../../../arm-none-eabi/lib/thumb/v7-m/libc_nano.a(lib_a-memmove.o)
                0x00000000080031d2                memmove
 .text._free_r  0x0000000008003204       0x98 /home/once2go/Ac6/SystemWorkbench/plugins/fr.ac6.mcu.externaltools.arm-none.linux64_1.16.0.201807130628/tools/compiler/bin/../lib/gcc/arm-none-eabi/7.2.1/../../../../arm-none-eabi/lib/thumb/v7-m/libc_nano.a(lib_a-nano-freer.o)
                0x0000000008003204                _free_r
 .text._malloc_r
                0x000000000800329c       0xb4 /home/once2go/Ac6/SystemWorkbench/plugins/fr.ac6.mcu.externaltools.arm-none.linux64_1.16.0.201807130628/tools/compiler/bin/../lib/gcc/arm-none-eabi/7.2.1/../../../../arm-none-eabi/lib/thumb/v7-m/libc_nano.a(lib_a-nano-mallocr.o)
                0x000000000800329c                _malloc_r
 .text._realloc_r
                0x0000000008003350       0x4c /home/once2go/Ac6/SystemWorkbench/plugins/fr.ac6.mcu.externaltools.arm-none.linux64_1.16.0.201807130628/tools/compiler/bin/../lib/gcc/arm-none-eabi/7.2.1/../../../../arm-none-eabi/lib/thumb/v7-m/libc_nano.a(lib_a-nano-reallocr.o)
                0x0000000008003350                _realloc_r
 .text._sbrk_r  0x000000000800339c       0x20 /home/once2go/Ac6/SystemWorkbench/plugins/fr.ac6.mcu.externaltools.arm-none.linux64_1.16.0.201807130628/tools/compiler/bin/../lib/gcc/arm-none-eabi/7.2.1/../../../../arm-none-eabi/lib/thumb/v7-m/libc_nano.a(lib_a-sbrkr.o)
                0x000000000800339c                _sbrk_r
 .text.__malloc_lock
                0x00000000080033bc        0x2 /home/once2go/Ac6/SystemWorkbench/plugins/fr.ac6.mcu.externaltools.arm-none.linux64_1.16.0.201807130628/tools/compiler/bin/../lib/gcc/arm-none-eabi/7.2.1/../../../../arm-none-eabi/lib/thumb/v7-m/libc_nano.a(lib_a-mlock.o)
                0x00000000080033bc                __malloc_lock
 .text.__malloc_unlock
                0x00000000080033be        0x2 /home/once2go/Ac6/SystemWorkbench/plugins/fr.ac6.mcu.externaltools.arm-none.linux64_1.16.0.201807130628/tools/compiler/bin/../lib/gcc/arm-none-eabi/7.2.1/../../../../arm-none-eabi/lib/thumb/v7-m/libc_nano.a(lib_a-mlock.o)
                0x00000000080033be                __malloc_unlock
 .text._malloc_usable_size_r
                0x00000000080033c0       0x10 /home/once2go/Ac6/SystemWorkbench/plugins/fr.ac6.mcu.externaltools.arm-none.linux64_1.16.0.201807130628/tools/compiler/bin/../lib/gcc/arm-none-eabi/7.2.1/../../../../arm-none-eabi/lib/thumb/v7-m/libc_nano.a(lib_a-nano-msizer.o)
                0x00000000080033c0                _malloc_usable_size_r
 .text._sbrk    0x00000000080033d0       0x1c /home/once2go/Ac6/SystemWorkbench/plugins/fr.ac6.mcu.externaltools.arm-none.linux64_1.16.0.201807130628/tools/compiler/bin/../lib/gcc/arm-none-eabi/7.2.1/../../../../arm-none-eabi/lib/thumb/v7-m/libnosys.a(sbrk.o)
                0x00000000080033d0                _sbrk
 *(.glue_7)
 .glue_7        0x00000000080033ec        0x0 linker stubs
 *(.glue_7t)
 .glue_7t       0x00000000080033ec        0x0 linker stubs
 *(.eh_frame)
 .eh_frame      0x00000000080033ec        0x0 /home/once2go/Ac6/SystemWorkbench/plugins/fr.ac6.mcu.externaltools.arm-none.linux64_1.16.0.201807130628/tools/compiler/bin/../lib/gcc/arm-none-eabi/7.2.1/thumb/v7-m/crtbegin.o
 *(.init)
 .init          0x00000000080033ec        0x4 /home/once2go/Ac6/SystemWorkbench/plugins/fr.ac6.mcu.externaltools.arm-none.linux64_1.16.0.201807130628/tools/compiler/bin/../lib/gcc/arm-none-eabi/7.2.1/thumb/v7-m/crti.o
                0x00000000080033ec                _init
 .init          0x00000000080033f0        0x8 /home/once2go/Ac6/SystemWorkbench/plugins/fr.ac6.mcu.externaltools.arm-none.linux64_1.16.0.201807130628/tools/compiler/bin/../lib/gcc/arm-none-eabi/7.2.1/thumb/v7-m/crtn.o
 *(.fini)
 .fini          0x00000000080033f8        0x4 /home/once2go/Ac6/SystemWorkbench/plugins/fr.ac6.mcu.externaltools.arm-none.linux64_1.16.0.201807130628/tools/compiler/bin/../lib/gcc/arm-none-eabi/7.2.1/thumb/v7-m/crti.o
                0x00000000080033f8                _fini
 .fini          0x00000000080033fc        0x8 /home/once2go/Ac6/SystemWorkbench/plugins/fr.ac6.mcu.externaltools.arm-none.linux64_1.16.0.201807130628/tools/compiler/bin/../lib/gcc/arm-none-eabi/7.2.1/thumb/v7-m/crtn.o
                0x0000000008003404                . = ALIGN (0x4)
                0x0000000008003404                _etext = .

.vfp11_veneer   0x0000000008003404        0x0
 .vfp11_veneer  0x0000000008003404        0x0 linker stubs

.v4_bx          0x0000000008003404        0x0
 .v4_bx         0x0000000008003404        0x0 linker stubs

.iplt           0x0000000008003404        0x0
 .iplt          0x0000000008003404        0x0 /home/once2go/Ac6/SystemWorkbench/plugins/fr.ac6.mcu.externaltools.arm-none.linux64_1.16.0.201807130628/tools/compiler/bin/../lib/gcc/arm-none-eabi/7.2.1/thumb/v7-m/crtbegin.o

.rodata         0x0000000008003404       0x90
                0x0000000008003404                . = ALIGN (0x4)
 *(.rodata)
 .rodata        0x0000000008003404       0x24 Src/system_stm32l1xx.o
                0x0000000008003404                PLLMulTable
                0x0000000008003410                AHBPrescTable
                0x0000000008003420                APBPrescTable
 *(.rodata*)
 .rodata.str1.4
                0x0000000008003428       0x38 Src/sd.o
                                         0x36 (size before relaxing)
 .rodata._svfprintf_r.str1.1
                0x0000000008003460       0x11 /home/once2go/Ac6/SystemWorkbench/plugins/fr.ac6.mcu.externaltools.arm-none.linux64_1.16.0.201807130628/tools/compiler/bin/../lib/gcc/arm-none-eabi/7.2.1/../../../../arm-none-eabi/lib/thumb/v7-m/libc_nano.a(lib_a-nano-svfprintf.o)
 .rodata._printf_i.str1.1
                0x0000000008003471       0x22 /home/once2go/Ac6/SystemWorkbench/plugins/fr.ac6.mcu.externaltools.arm-none.linux64_1.16.0.201807130628/tools/compiler/bin/../lib/gcc/arm-none-eabi/7.2.1/../../../../arm-none-eabi/lib/thumb/v7-m/libc_nano.a(lib_a-nano-vfprintf_i.o)
                0x0000000008003494                . = ALIGN (0x4)
 *fill*         0x0000000008003493        0x1 

.rel.dyn        0x0000000008003494        0x0
 .rel.iplt      0x0000000008003494        0x0 /home/once2go/Ac6/SystemWorkbench/plugins/fr.ac6.mcu.externaltools.arm-none.linux64_1.16.0.201807130628/tools/compiler/bin/../lib/gcc/arm-none-eabi/7.2.1/thumb/v7-m/crtbegin.o

.ARM.extab
 *(.ARM.extab* .gnu.linkonce.armextab.*)

.ARM            0x0000000008003494        0x0
                0x0000000008003494                __exidx_start = .
 *(.ARM.exidx*)
                0x0000000008003494                __exidx_end = .

.preinit_array  0x0000000008003494        0x0
                0x0000000008003494                PROVIDE (__preinit_array_start, .)
 *(.preinit_array*)
                0x0000000008003494                PROVIDE (__preinit_array_end, .)

.init_array     0x0000000008003494        0x4
                0x0000000008003494                PROVIDE (__init_array_start, .)
 *(SORT_BY_NAME(.init_array.*))
 *(.init_array*)
 .init_array    0x0000000008003494        0x4 /home/once2go/Ac6/SystemWorkbench/plugins/fr.ac6.mcu.externaltools.arm-none.linux64_1.16.0.201807130628/tools/compiler/bin/../lib/gcc/arm-none-eabi/7.2.1/thumb/v7-m/crtbegin.o
                0x0000000008003498                PROVIDE (__init_array_end, .)

.fini_array     0x0000000008003498        0x4
                [!provide]                        PROVIDE (__fini_array_start, .)
 *(SORT_BY_NAME(.fini_array.*))
 *(.fini_array*)
 .fini_array    0x0000000008003498        0x4 /home/once2go/Ac6/SystemWorkbench/plugins/fr.ac6.mcu.externaltools.arm-none.linux64_1.16.0.201807130628/tools/compiler/bin/../lib/gcc/arm-none-eabi/7.2.1/thumb/v7-m/crtbegin.o
                [!provide]                        PROVIDE (__fini_array_end, .)
                0x000000000800349c                _sidata = LOADADDR (.data)

.data           0x0000000020000000       0x80 load address 0x000000000800349c
                0x0000000020000000                . = ALIGN (0x4)
                0x0000000020000000                _sdata = .
 *(.data)
 .data          0x0000000020000000        0x4 Src/system_stm32l1xx.o
                0x0000000020000000                SystemCoreClock
 .data          0x0000000020000004       0x18 Src/user_diskio.o
                0x0000000020000008                USER_Driver
 *(.data*)
 .data._impure_ptr
                0x000000002000001c        0x4 /home/once2go/Ac6/SystemWorkbench/plugins/fr.ac6.mcu.externaltools.arm-none.linux64_1.16.0.201807130628/tools/compiler/bin/../lib/gcc/arm-none-eabi/7.2.1/../../../../arm-none-eabi/lib/thumb/v7-m/libc_nano.a(lib_a-impure.o)
                0x000000002000001c                _impure_ptr
 .data.impure_data
                0x0000000020000020       0x60 /home/once2go/Ac6/SystemWorkbench/plugins/fr.ac6.mcu.externaltools.arm-none.linux64_1.16.0.201807130628/tools/compiler/bin/../lib/gcc/arm-none-eabi/7.2.1/../../../../arm-none-eabi/lib/thumb/v7-m/libc_nano.a(lib_a-impure.o)
                0x0000000020000080                . = ALIGN (0x4)
                0x0000000020000080                _edata = .

.igot.plt       0x0000000020000080        0x0 load address 0x000000000800351c
 .igot.plt      0x0000000020000080        0x0 /home/once2go/Ac6/SystemWorkbench/plugins/fr.ac6.mcu.externaltools.arm-none.linux64_1.16.0.201807130628/tools/compiler/bin/../lib/gcc/arm-none-eabi/7.2.1/thumb/v7-m/crtbegin.o
                0x0000000020000080                . = ALIGN (0x4)

.bss            0x0000000020000080     0x3474 load address 0x000000000800351c
                0x0000000020000080                _sbss = .
                0x0000000020000080                __bss_start__ = _sbss
 *(.bss)
 .bss           0x0000000020000080       0x1c /home/once2go/Ac6/SystemWorkbench/plugins/fr.ac6.mcu.externaltools.arm-none.linux64_1.16.0.201807130628/tools/compiler/bin/../lib/gcc/arm-none-eabi/7.2.1/thumb/v7-m/crtbegin.o
 .bss           0x000000002000009c        0xc Middlewares/Third_Party/FatFs/src/ff_gen_drv.o
                0x000000002000009c                disk
 .bss           0x00000000200000a8        0x2 Src/main.o
                0x00000000200000a8                Timer1
 *fill*         0x00000000200000aa        0x2 
 .bss           0x00000000200000ac       0x3c Src/sd.o
                0x00000000200000ac                str1
 *(.bss*)
 .bss.__malloc_free_list
                0x00000000200000e8        0x4 /home/once2go/Ac6/SystemWorkbench/plugins/fr.ac6.mcu.externaltools.arm-none.linux64_1.16.0.201807130628/tools/compiler/bin/../lib/gcc/arm-none-eabi/7.2.1/../../../../arm-none-eabi/lib/thumb/v7-m/libc_nano.a(lib_a-nano-mallocr.o)
                0x00000000200000e8                __malloc_free_list
 .bss.__malloc_sbrk_start
                0x00000000200000ec        0x4 /home/once2go/Ac6/SystemWorkbench/plugins/fr.ac6.mcu.externaltools.arm-none.linux64_1.16.0.201807130628/tools/compiler/bin/../lib/gcc/arm-none-eabi/7.2.1/../../../../arm-none-eabi/lib/thumb/v7-m/libc_nano.a(lib_a-nano-mallocr.o)
                0x00000000200000ec                __malloc_sbrk_start
 .bss.heap_end.4102
                0x00000000200000f0        0x4 /home/once2go/Ac6/SystemWorkbench/plugins/fr.ac6.mcu.externaltools.arm-none.linux64_1.16.0.201807130628/tools/compiler/bin/../lib/gcc/arm-none-eabi/7.2.1/../../../../arm-none-eabi/lib/thumb/v7-m/libnosys.a(sbrk.o)
 *(COMMON)
 COMMON         0x00000000200000f4        0x4 Drivers/STM32L1xx_HAL_Driver/Src/stm32l1xx_hal.o
                0x00000000200000f4                uwTick
 COMMON         0x00000000200000f8     0x2064 Src/fatfs.o
                0x00000000200000f8                USERPath
                0x00000000200000fc                retUSER
                0x0000000020000100                USERFile
                0x000000002000112c                USERFatFS
 COMMON         0x000000002000215c     0x1390 Src/main.o
                0x000000002000215c                hspi2
                0x00000000200021b4                fs
                0x00000000200021b8                byteswritten
                0x00000000200021bc                bytesread
                0x00000000200021c0                hdma_usart1_tx
                0x0000000020002204                huart1
                0x0000000020002244                SDFatFs
                0x0000000020003274                sect
                0x0000000020003474                result
                0x0000000020003478                htim2
                0x00000000200034b0                hi2s3
 COMMON         0x00000000200034ec        0x1 Src/sd.o
                0x00000000200034ec                sdinfo
 *fill*         0x00000000200034ed        0x3 
 COMMON         0x00000000200034f0        0x4 /home/once2go/Ac6/SystemWorkbench/plugins/fr.ac6.mcu.externaltools.arm-none.linux64_1.16.0.201807130628/tools/compiler/bin/../lib/gcc/arm-none-eabi/7.2.1/../../../../arm-none-eabi/lib/thumb/v7-m/libc_nano.a(lib_a-reent.o)
                0x00000000200034f0                errno
                0x00000000200034f4                . = ALIGN (0x4)
                0x00000000200034f4                _ebss = .
                0x00000000200034f4                __bss_end__ = _ebss

._user_heap_stack
                0x00000000200034f4      0x604 load address 0x000000000800351c
                0x00000000200034f8                . = ALIGN (0x8)
 *fill*         0x00000000200034f4        0x4 
                0x00000000200034f8                PROVIDE (end, .)
                [!provide]                        PROVIDE (_end, .)
                0x00000000200036f8                . = (. + _Min_Heap_Size)
 *fill*         0x00000000200034f8      0x200 
                0x0000000020003af8                . = (. + _Min_Stack_Size)
 *fill*         0x00000000200036f8      0x400 
                0x0000000020003af8                . = ALIGN (0x8)

/DISCARD/
 libc.a(*)
 libm.a(*)
 libgcc.a(*)

.ARM.attributes
                0x0000000000000000       0x29
 *(.ARM.attributes)
 .ARM.attributes
                0x0000000000000000       0x1d /home/once2go/Ac6/SystemWorkbench/plugins/fr.ac6.mcu.externaltools.arm-none.linux64_1.16.0.201807130628/tools/compiler/bin/../lib/gcc/arm-none-eabi/7.2.1/thumb/v7-m/crti.o
 .ARM.attributes
                0x000000000000001d       0x2d /home/once2go/Ac6/SystemWorkbench/plugins/fr.ac6.mcu.externaltools.arm-none.linux64_1.16.0.201807130628/tools/compiler/bin/../lib/gcc/arm-none-eabi/7.2.1/thumb/v7-m/crtbegin.o
 .ARM.attributes
                0x000000000000004a       0x33 Drivers/STM32L1xx_HAL_Driver/Src/stm32l1xx_hal.o
 .ARM.attributes
                0x000000000000007d       0x33 Drivers/STM32L1xx_HAL_Driver/Src/stm32l1xx_hal_cortex.o
 .ARM.attributes
                0x00000000000000b0       0x33 Drivers/STM32L1xx_HAL_Driver/Src/stm32l1xx_hal_dma.o
 .ARM.attributes
                0x00000000000000e3       0x33 Drivers/STM32L1xx_HAL_Driver/Src/stm32l1xx_hal_gpio.o
 .ARM.attributes
                0x0000000000000116       0x33 Drivers/STM32L1xx_HAL_Driver/Src/stm32l1xx_hal_i2s.o
 .ARM.attributes
                0x0000000000000149       0x33 Drivers/STM32L1xx_HAL_Driver/Src/stm32l1xx_hal_rcc.o
 .ARM.attributes
                0x000000000000017c       0x33 Drivers/STM32L1xx_HAL_Driver/Src/stm32l1xx_hal_spi.o
 .ARM.attributes
                0x00000000000001af       0x33 Drivers/STM32L1xx_HAL_Driver/Src/stm32l1xx_hal_spi_ex.o
 .ARM.attributes
                0x00000000000001e2       0x33 Drivers/STM32L1xx_HAL_Driver/Src/stm32l1xx_hal_tim.o
 .ARM.attributes
                0x0000000000000215       0x33 Drivers/STM32L1xx_HAL_Driver/Src/stm32l1xx_hal_tim_ex.o
 .ARM.attributes
                0x0000000000000248       0x33 Drivers/STM32L1xx_HAL_Driver/Src/stm32l1xx_hal_uart.o
 .ARM.attributes
                0x000000000000027b       0x33 Middlewares/Third_Party/FatFs/src/diskio.o
 .ARM.attributes
                0x00000000000002ae       0x33 Middlewares/Third_Party/FatFs/src/ff_gen_drv.o
 .ARM.attributes
                0x00000000000002e1       0x33 Src/fatfs.o
 .ARM.attributes
                0x0000000000000314       0x33 Src/main.o
 .ARM.attributes
                0x0000000000000347       0x33 Src/sd.o
 .ARM.attributes
                0x000000000000037a       0x33 Src/stm32l1xx_hal_msp.o
 .ARM.attributes
                0x00000000000003ad       0x33 Src/stm32l1xx_it.o
 .ARM.attributes
                0x00000000000003e0       0x33 Src/system_stm32l1xx.o
 .ARM.attributes
                0x0000000000000413       0x33 Src/user_diskio.o
 .ARM.attributes
                0x0000000000000446       0x21 startup/startup_stm32l100xc.o
 .ARM.attributes
                0x0000000000000467       0x2d /home/once2go/Ac6/SystemWorkbench/plugins/fr.ac6.mcu.externaltools.arm-none.linux64_1.16.0.201807130628/tools/compiler/bin/../lib/gcc/arm-none-eabi/7.2.1/../../../../arm-none-eabi/lib/thumb/v7-m/libc_nano.a(lib_a-impure.o)
 .ARM.attributes
                0x0000000000000494       0x2d /home/once2go/Ac6/SystemWorkbench/plugins/fr.ac6.mcu.externaltools.arm-none.linux64_1.16.0.201807130628/tools/compiler/bin/../lib/gcc/arm-none-eabi/7.2.1/../../../../arm-none-eabi/lib/thumb/v7-m/libc_nano.a(lib_a-init.o)
 .ARM.attributes
                0x00000000000004c1       0x2d /home/once2go/Ac6/SystemWorkbench/plugins/fr.ac6.mcu.externaltools.arm-none.linux64_1.16.0.201807130628/tools/compiler/bin/../lib/gcc/arm-none-eabi/7.2.1/../../../../arm-none-eabi/lib/thumb/v7-m/libc_nano.a(lib_a-memset.o)
 .ARM.attributes
                0x00000000000004ee       0x2d /home/once2go/Ac6/SystemWorkbench/plugins/fr.ac6.mcu.externaltools.arm-none.linux64_1.16.0.201807130628/tools/compiler/bin/../lib/gcc/arm-none-eabi/7.2.1/../../../../arm-none-eabi/lib/thumb/v7-m/libc_nano.a(lib_a-sprintf.o)
 .ARM.attributes
                0x000000000000051b       0x17 /home/once2go/Ac6/SystemWorkbench/plugins/fr.ac6.mcu.externaltools.arm-none.linux64_1.16.0.201807130628/tools/compiler/bin/../lib/gcc/arm-none-eabi/7.2.1/../../../../arm-none-eabi/lib/thumb/v7-m/libc_nano.a(lib_a-strlen.o)
 .ARM.attributes
                0x0000000000000532       0x2d /home/once2go/Ac6/SystemWorkbench/plugins/fr.ac6.mcu.externaltools.arm-none.linux64_1.16.0.201807130628/tools/compiler/bin/../lib/gcc/arm-none-eabi/7.2.1/../../../../arm-none-eabi/lib/thumb/v7-m/libc_nano.a(lib_a-nano-svfprintf.o)
 .ARM.attributes
                0x000000000000055f       0x2d /home/once2go/Ac6/SystemWorkbench/plugins/fr.ac6.mcu.externaltools.arm-none.linux64_1.16.0.201807130628/tools/compiler/bin/../lib/gcc/arm-none-eabi/7.2.1/../../../../arm-none-eabi/lib/thumb/v7-m/libc_nano.a(lib_a-nano-vfprintf_i.o)
 .ARM.attributes
                0x000000000000058c       0x2d /home/once2go/Ac6/SystemWorkbench/plugins/fr.ac6.mcu.externaltools.arm-none.linux64_1.16.0.201807130628/tools/compiler/bin/../lib/gcc/arm-none-eabi/7.2.1/../../../../arm-none-eabi/lib/thumb/v7-m/libc_nano.a(lib_a-memchr-stub.o)
 .ARM.attributes
                0x00000000000005b9       0x2d /home/once2go/Ac6/SystemWorkbench/plugins/fr.ac6.mcu.externaltools.arm-none.linux64_1.16.0.201807130628/tools/compiler/bin/../lib/gcc/arm-none-eabi/7.2.1/../../../../arm-none-eabi/lib/thumb/v7-m/libc_nano.a(lib_a-memcpy-stub.o)
 .ARM.attributes
                0x00000000000005e6       0x2d /home/once2go/Ac6/SystemWorkbench/plugins/fr.ac6.mcu.externaltools.arm-none.linux64_1.16.0.201807130628/tools/compiler/bin/../lib/gcc/arm-none-eabi/7.2.1/../../../../arm-none-eabi/lib/thumb/v7-m/libc_nano.a(lib_a-memmove.o)
 .ARM.attributes
                0x0000000000000613       0x2d /home/once2go/Ac6/SystemWorkbench/plugins/fr.ac6.mcu.externaltools.arm-none.linux64_1.16.0.201807130628/tools/compiler/bin/../lib/gcc/arm-none-eabi/7.2.1/../../../../arm-none-eabi/lib/thumb/v7-m/libc_nano.a(lib_a-nano-freer.o)
 .ARM.attributes
                0x0000000000000640       0x2d /home/once2go/Ac6/SystemWorkbench/plugins/fr.ac6.mcu.externaltools.arm-none.linux64_1.16.0.201807130628/tools/compiler/bin/../lib/gcc/arm-none-eabi/7.2.1/../../../../arm-none-eabi/lib/thumb/v7-m/libc_nano.a(lib_a-nano-mallocr.o)
 .ARM.attributes
                0x000000000000066d       0x2d /home/once2go/Ac6/SystemWorkbench/plugins/fr.ac6.mcu.externaltools.arm-none.linux64_1.16.0.201807130628/tools/compiler/bin/../lib/gcc/arm-none-eabi/7.2.1/../../../../arm-none-eabi/lib/thumb/v7-m/libc_nano.a(lib_a-nano-reallocr.o)
 .ARM.attributes
                0x000000000000069a       0x2d /home/once2go/Ac6/SystemWorkbench/plugins/fr.ac6.mcu.externaltools.arm-none.linux64_1.16.0.201807130628/tools/compiler/bin/../lib/gcc/arm-none-eabi/7.2.1/../../../../arm-none-eabi/lib/thumb/v7-m/libc_nano.a(lib_a-sbrkr.o)
 .ARM.attributes
                0x00000000000006c7       0x2d /home/once2go/Ac6/SystemWorkbench/plugins/fr.ac6.mcu.externaltools.arm-none.linux64_1.16.0.201807130628/tools/compiler/bin/../lib/gcc/arm-none-eabi/7.2.1/../../../../arm-none-eabi/lib/thumb/v7-m/libc_nano.a(lib_a-mlock.o)
 .ARM.attributes
                0x00000000000006f4       0x2d /home/once2go/Ac6/SystemWorkbench/plugins/fr.ac6.mcu.externaltools.arm-none.linux64_1.16.0.201807130628/tools/compiler/bin/../lib/gcc/arm-none-eabi/7.2.1/../../../../arm-none-eabi/lib/thumb/v7-m/libc_nano.a(lib_a-nano-msizer.o)
 .ARM.attributes
                0x0000000000000721       0x2d /home/once2go/Ac6/SystemWorkbench/plugins/fr.ac6.mcu.externaltools.arm-none.linux64_1.16.0.201807130628/tools/compiler/bin/../lib/gcc/arm-none-eabi/7.2.1/../../../../arm-none-eabi/lib/thumb/v7-m/libc_nano.a(lib_a-reent.o)
 .ARM.attributes
                0x000000000000074e       0x2d /home/once2go/Ac6/SystemWorkbench/plugins/fr.ac6.mcu.externaltools.arm-none.linux64_1.16.0.201807130628/tools/compiler/bin/../lib/gcc/arm-none-eabi/7.2.1/../../../../arm-none-eabi/lib/thumb/v7-m/libnosys.a(sbrk.o)
 .ARM.attributes
                0x000000000000077b       0x1d /home/once2go/Ac6/SystemWorkbench/plugins/fr.ac6.mcu.externaltools.arm-none.linux64_1.16.0.201807130628/tools/compiler/bin/../lib/gcc/arm-none-eabi/7.2.1/thumb/v7-m/crtn.o
OUTPUT(SD_FATFS.elf elf32-littlearm)

.debug_info     0x0000000000000000    0x1aaf0
 .debug_info    0x0000000000000000      0xec4 Drivers/STM32L1xx_HAL_Driver/Src/stm32l1xx_hal.o
 .debug_info    0x0000000000000ec4     0x16d2 Drivers/STM32L1xx_HAL_Driver/Src/stm32l1xx_hal_cortex.o
 .debug_info    0x0000000000002596     0x1039 Drivers/STM32L1xx_HAL_Driver/Src/stm32l1xx_hal_dma.o
 .debug_info    0x00000000000035cf      0xea7 Drivers/STM32L1xx_HAL_Driver/Src/stm32l1xx_hal_gpio.o
 .debug_info    0x0000000000004476     0x15d6 Drivers/STM32L1xx_HAL_Driver/Src/stm32l1xx_hal_i2s.o
 .debug_info    0x0000000000005a4c     0x1ec3 Drivers/STM32L1xx_HAL_Driver/Src/stm32l1xx_hal_rcc.o
 .debug_info    0x000000000000790f     0x1e08 Drivers/STM32L1xx_HAL_Driver/Src/stm32l1xx_hal_spi.o
 .debug_info    0x0000000000009717      0xe5e Drivers/STM32L1xx_HAL_Driver/Src/stm32l1xx_hal_spi_ex.o
 .debug_info    0x000000000000a575     0x35a9 Drivers/STM32L1xx_HAL_Driver/Src/stm32l1xx_hal_tim.o
 .debug_info    0x000000000000db1e      0xe9c Drivers/STM32L1xx_HAL_Driver/Src/stm32l1xx_hal_tim_ex.o
 .debug_info    0x000000000000e9ba     0x1a29 Drivers/STM32L1xx_HAL_Driver/Src/stm32l1xx_hal_uart.o
 .debug_info    0x00000000000103e3      0xcfb Middlewares/Third_Party/FatFs/src/diskio.o
 .debug_info    0x00000000000110de      0xc7a Middlewares/Third_Party/FatFs/src/ff_gen_drv.o
 .debug_info    0x0000000000011d58      0xda9 Src/fatfs.o
 .debug_info    0x0000000000012b01     0x2236 Src/main.o
 .debug_info    0x0000000000014d37     0x185a Src/sd.o
 .debug_info    0x0000000000016591     0x1b93 Src/stm32l1xx_hal_msp.o
 .debug_info    0x0000000000018124     0x1111 Src/stm32l1xx_it.o
 .debug_info    0x0000000000019235      0xc76 Src/system_stm32l1xx.o
 .debug_info    0x0000000000019eab      0xc23 Src/user_diskio.o
 .debug_info    0x000000000001aace       0x22 startup/startup_stm32l100xc.o

.debug_abbrev   0x0000000000000000     0x3635
 .debug_abbrev  0x0000000000000000      0x2c9 Drivers/STM32L1xx_HAL_Driver/Src/stm32l1xx_hal.o
 .debug_abbrev  0x00000000000002c9      0x3ba Drivers/STM32L1xx_HAL_Driver/Src/stm32l1xx_hal_cortex.o
 .debug_abbrev  0x0000000000000683      0x2e5 Drivers/STM32L1xx_HAL_Driver/Src/stm32l1xx_hal_dma.o
 .debug_abbrev  0x0000000000000968      0x2a7 Drivers/STM32L1xx_HAL_Driver/Src/stm32l1xx_hal_gpio.o
 .debug_abbrev  0x0000000000000c0f      0x303 Drivers/STM32L1xx_HAL_Driver/Src/stm32l1xx_hal_i2s.o
 .debug_abbrev  0x0000000000000f12      0x352 Drivers/STM32L1xx_HAL_Driver/Src/stm32l1xx_hal_rcc.o
 .debug_abbrev  0x0000000000001264      0x319 Drivers/STM32L1xx_HAL_Driver/Src/stm32l1xx_hal_spi.o
 .debug_abbrev  0x000000000000157d      0x215 Drivers/STM32L1xx_HAL_Driver/Src/stm32l1xx_hal_spi_ex.o
 .debug_abbrev  0x0000000000001792      0x2cf Drivers/STM32L1xx_HAL_Driver/Src/stm32l1xx_hal_tim.o
 .debug_abbrev  0x0000000000001a61      0x1fc Drivers/STM32L1xx_HAL_Driver/Src/stm32l1xx_hal_tim_ex.o
 .debug_abbrev  0x0000000000001c5d      0x2fd Drivers/STM32L1xx_HAL_Driver/Src/stm32l1xx_hal_uart.o
 .debug_abbrev  0x0000000000001f5a      0x282 Middlewares/Third_Party/FatFs/src/diskio.o
 .debug_abbrev  0x00000000000021dc      0x276 Middlewares/Third_Party/FatFs/src/ff_gen_drv.o
 .debug_abbrev  0x0000000000002452      0x268 Src/fatfs.o
 .debug_abbrev  0x00000000000026ba      0x36d Src/main.o
 .debug_abbrev  0x0000000000002a27      0x309 Src/sd.o
 .debug_abbrev  0x0000000000002d30      0x297 Src/stm32l1xx_hal_msp.o
 .debug_abbrev  0x0000000000002fc7      0x210 Src/stm32l1xx_it.o
 .debug_abbrev  0x00000000000031d7      0x205 Src/system_stm32l1xx.o
 .debug_abbrev  0x00000000000033dc      0x247 Src/user_diskio.o
 .debug_abbrev  0x0000000000003623       0x12 startup/startup_stm32l100xc.o

.debug_loc      0x0000000000000000     0x926e
 .debug_loc     0x0000000000000000       0x6a Drivers/STM32L1xx_HAL_Driver/Src/stm32l1xx_hal.o
 .debug_loc     0x000000000000006a      0x5ce Drivers/STM32L1xx_HAL_Driver/Src/stm32l1xx_hal_cortex.o
 .debug_loc     0x0000000000000638      0x7aa Drivers/STM32L1xx_HAL_Driver/Src/stm32l1xx_hal_dma.o
 .debug_loc     0x0000000000000de2      0x38d Drivers/STM32L1xx_HAL_Driver/Src/stm32l1xx_hal_gpio.o
 .debug_loc     0x000000000000116f      0xcf6 Drivers/STM32L1xx_HAL_Driver/Src/stm32l1xx_hal_i2s.o
 .debug_loc     0x0000000000001e65      0xb22 Drivers/STM32L1xx_HAL_Driver/Src/stm32l1xx_hal_rcc.o
 .debug_loc     0x0000000000002987     0x14c8 Drivers/STM32L1xx_HAL_Driver/Src/stm32l1xx_hal_spi.o
 .debug_loc     0x0000000000003e4f       0x4d Drivers/STM32L1xx_HAL_Driver/Src/stm32l1xx_hal_spi_ex.o
 .debug_loc     0x0000000000003e9c     0x3550 Drivers/STM32L1xx_HAL_Driver/Src/stm32l1xx_hal_tim.o
 .debug_loc     0x00000000000073ec       0xa0 Drivers/STM32L1xx_HAL_Driver/Src/stm32l1xx_hal_tim_ex.o
 .debug_loc     0x000000000000748c     0x1268 Drivers/STM32L1xx_HAL_Driver/Src/stm32l1xx_hal_uart.o
 .debug_loc     0x00000000000086f4      0x1f1 Middlewares/Third_Party/FatFs/src/diskio.o
 .debug_loc     0x00000000000088e5      0x233 Middlewares/Third_Party/FatFs/src/ff_gen_drv.o
 .debug_loc     0x0000000000008b18      0x37c Src/sd.o
 .debug_loc     0x0000000000008e94      0x1a6 Src/stm32l1xx_hal_msp.o
 .debug_loc     0x000000000000903a      0x18f Src/system_stm32l1xx.o
 .debug_loc     0x00000000000091c9       0xa5 Src/user_diskio.o

.debug_aranges  0x0000000000000000      0xcf0
 .debug_aranges
                0x0000000000000000       0xb0 Drivers/STM32L1xx_HAL_Driver/Src/stm32l1xx_hal.o
 .debug_aranges
                0x00000000000000b0       0xa8 Drivers/STM32L1xx_HAL_Driver/Src/stm32l1xx_hal_cortex.o
 .debug_aranges
                0x0000000000000158       0x80 Drivers/STM32L1xx_HAL_Driver/Src/stm32l1xx_hal_dma.o
 .debug_aranges
                0x00000000000001d8       0x58 Drivers/STM32L1xx_HAL_Driver/Src/stm32l1xx_hal_gpio.o
 .debug_aranges
                0x0000000000000230      0x100 Drivers/STM32L1xx_HAL_Driver/Src/stm32l1xx_hal_i2s.o
 .debug_aranges
                0x0000000000000330       0x90 Drivers/STM32L1xx_HAL_Driver/Src/stm32l1xx_hal_rcc.o
 .debug_aranges
                0x00000000000003c0      0x150 Drivers/STM32L1xx_HAL_Driver/Src/stm32l1xx_hal_spi.o
 .debug_aranges
                0x0000000000000510       0x20 Drivers/STM32L1xx_HAL_Driver/Src/stm32l1xx_hal_spi_ex.o
 .debug_aranges
                0x0000000000000530      0x368 Drivers/STM32L1xx_HAL_Driver/Src/stm32l1xx_hal_tim.o
 .debug_aranges
                0x0000000000000898       0x28 Drivers/STM32L1xx_HAL_Driver/Src/stm32l1xx_hal_tim_ex.o
 .debug_aranges
                0x00000000000008c0      0x150 Drivers/STM32L1xx_HAL_Driver/Src/stm32l1xx_hal_uart.o
 .debug_aranges
                0x0000000000000a10       0x48 Middlewares/Third_Party/FatFs/src/diskio.o
 .debug_aranges
                0x0000000000000a58       0x40 Middlewares/Third_Party/FatFs/src/ff_gen_drv.o
 .debug_aranges
                0x0000000000000a98       0x28 Src/fatfs.o
 .debug_aranges
                0x0000000000000ac0       0x68 Src/main.o
 .debug_aranges
                0x0000000000000b28       0x60 Src/sd.o
 .debug_aranges
                0x0000000000000b88       0x60 Src/stm32l1xx_hal_msp.o
 .debug_aranges
                0x0000000000000be8       0x78 Src/stm32l1xx_it.o
 .debug_aranges
                0x0000000000000c60       0x28 Src/system_stm32l1xx.o
 .debug_aranges
                0x0000000000000c88       0x40 Src/user_diskio.o
 .debug_aranges
                0x0000000000000cc8       0x28 startup/startup_stm32l100xc.o

.debug_ranges   0x0000000000000000      0xc20
 .debug_ranges  0x0000000000000000       0xa0 Drivers/STM32L1xx_HAL_Driver/Src/stm32l1xx_hal.o
 .debug_ranges  0x00000000000000a0       0xf8 Drivers/STM32L1xx_HAL_Driver/Src/stm32l1xx_hal_cortex.o
 .debug_ranges  0x0000000000000198       0x70 Drivers/STM32L1xx_HAL_Driver/Src/stm32l1xx_hal_dma.o
 .debug_ranges  0x0000000000000208       0x48 Drivers/STM32L1xx_HAL_Driver/Src/stm32l1xx_hal_gpio.o
 .debug_ranges  0x0000000000000250       0xf0 Drivers/STM32L1xx_HAL_Driver/Src/stm32l1xx_hal_i2s.o
 .debug_ranges  0x0000000000000340       0x98 Drivers/STM32L1xx_HAL_Driver/Src/stm32l1xx_hal_rcc.o
 .debug_ranges  0x00000000000003d8      0x140 Drivers/STM32L1xx_HAL_Driver/Src/stm32l1xx_hal_spi.o
 .debug_ranges  0x0000000000000518       0x10 Drivers/STM32L1xx_HAL_Driver/Src/stm32l1xx_hal_spi_ex.o
 .debug_ranges  0x0000000000000528      0x358 Drivers/STM32L1xx_HAL_Driver/Src/stm32l1xx_hal_tim.o
 .debug_ranges  0x0000000000000880       0x18 Drivers/STM32L1xx_HAL_Driver/Src/stm32l1xx_hal_tim_ex.o
 .debug_ranges  0x0000000000000898      0x140 Drivers/STM32L1xx_HAL_Driver/Src/stm32l1xx_hal_uart.o
 .debug_ranges  0x00000000000009d8       0x38 Middlewares/Third_Party/FatFs/src/diskio.o
 .debug_ranges  0x0000000000000a10       0x30 Middlewares/Third_Party/FatFs/src/ff_gen_drv.o
 .debug_ranges  0x0000000000000a40       0x18 Src/fatfs.o
 .debug_ranges  0x0000000000000a58       0x58 Src/main.o
 .debug_ranges  0x0000000000000ab0       0x50 Src/sd.o
 .debug_ranges  0x0000000000000b00       0x50 Src/stm32l1xx_hal_msp.o
 .debug_ranges  0x0000000000000b50       0x68 Src/stm32l1xx_it.o
 .debug_ranges  0x0000000000000bb8       0x18 Src/system_stm32l1xx.o
 .debug_ranges  0x0000000000000bd0       0x30 Src/user_diskio.o
 .debug_ranges  0x0000000000000c00       0x20 startup/startup_stm32l100xc.o

.debug_macro    0x0000000000000000    0x1877e
 .debug_macro   0x0000000000000000      0x32b Drivers/STM32L1xx_HAL_Driver/Src/stm32l1xx_hal.o
 .debug_macro   0x000000000000032b      0xa60 Drivers/STM32L1xx_HAL_Driver/Src/stm32l1xx_hal.o
 .debug_macro   0x0000000000000d8b       0x9a Drivers/STM32L1xx_HAL_Driver/Src/stm32l1xx_hal.o
 .debug_macro   0x0000000000000e25       0x2e Drivers/STM32L1xx_HAL_Driver/Src/stm32l1xx_hal.o
 .debug_macro   0x0000000000000e53       0x22 Drivers/STM32L1xx_HAL_Driver/Src/stm32l1xx_hal.o
 .debug_macro   0x0000000000000e75       0x22 Drivers/STM32L1xx_HAL_Driver/Src/stm32l1xx_hal.o
 .debug_macro   0x0000000000000e97       0x87 Drivers/STM32L1xx_HAL_Driver/Src/stm32l1xx_hal.o
 .debug_macro   0x0000000000000f1e       0x51 Drivers/STM32L1xx_HAL_Driver/Src/stm32l1xx_hal.o
 .debug_macro   0x0000000000000f6f       0xef Drivers/STM32L1xx_HAL_Driver/Src/stm32l1xx_hal.o
 .debug_macro   0x000000000000105e       0x6a Drivers/STM32L1xx_HAL_Driver/Src/stm32l1xx_hal.o
 .debug_macro   0x00000000000010c8      0x1df Drivers/STM32L1xx_HAL_Driver/Src/stm32l1xx_hal.o
 .debug_macro   0x00000000000012a7       0x34 Drivers/STM32L1xx_HAL_Driver/Src/stm32l1xx_hal.o
 .debug_macro   0x00000000000012db       0x34 Drivers/STM32L1xx_HAL_Driver/Src/stm32l1xx_hal.o
 .debug_macro   0x000000000000130f      0xcb4 Drivers/STM32L1xx_HAL_Driver/Src/stm32l1xx_hal.o
 .debug_macro   0x0000000000001fc3     0xb5cc Drivers/STM32L1xx_HAL_Driver/Src/stm32l1xx_hal.o
 .debug_macro   0x000000000000d58f       0x43 Drivers/STM32L1xx_HAL_Driver/Src/stm32l1xx_hal.o
 .debug_macro   0x000000000000d5d2     0x342b Drivers/STM32L1xx_HAL_Driver/Src/stm32l1xx_hal.o
 .debug_macro   0x00000000000109fd       0x58 Drivers/STM32L1xx_HAL_Driver/Src/stm32l1xx_hal.o
 .debug_macro   0x0000000000010a55       0x17 Drivers/STM32L1xx_HAL_Driver/Src/stm32l1xx_hal.o
 .debug_macro   0x0000000000010a6c       0x35 Drivers/STM32L1xx_HAL_Driver/Src/stm32l1xx_hal.o
 .debug_macro   0x0000000000010aa1       0x9c Drivers/STM32L1xx_HAL_Driver/Src/stm32l1xx_hal.o
 .debug_macro   0x0000000000010b3d       0x16 Drivers/STM32L1xx_HAL_Driver/Src/stm32l1xx_hal.o
 .debug_macro   0x0000000000010b53       0x97 Drivers/STM32L1xx_HAL_Driver/Src/stm32l1xx_hal.o
 .debug_macro   0x0000000000010bea      0x330 Drivers/STM32L1xx_HAL_Driver/Src/stm32l1xx_hal.o
 .debug_macro   0x0000000000010f1a       0xfd Drivers/STM32L1xx_HAL_Driver/Src/stm32l1xx_hal.o
 .debug_macro   0x0000000000011017       0x10 Drivers/STM32L1xx_HAL_Driver/Src/stm32l1xx_hal.o
 .debug_macro   0x0000000000011027       0x58 Drivers/STM32L1xx_HAL_Driver/Src/stm32l1xx_hal.o
 .debug_macro   0x000000000001107f       0x1f Drivers/STM32L1xx_HAL_Driver/Src/stm32l1xx_hal.o
 .debug_macro   0x000000000001109e       0x43 Drivers/STM32L1xx_HAL_Driver/Src/stm32l1xx_hal.o
 .debug_macro   0x00000000000110e1       0x20 Drivers/STM32L1xx_HAL_Driver/Src/stm32l1xx_hal.o
 .debug_macro   0x0000000000011101      0x18e Drivers/STM32L1xx_HAL_Driver/Src/stm32l1xx_hal.o
 .debug_macro   0x000000000001128f       0x10 Drivers/STM32L1xx_HAL_Driver/Src/stm32l1xx_hal.o
 .debug_macro   0x000000000001129f       0x1c Drivers/STM32L1xx_HAL_Driver/Src/stm32l1xx_hal.o
 .debug_macro   0x00000000000112bb       0x52 Drivers/STM32L1xx_HAL_Driver/Src/stm32l1xx_hal.o
 .debug_macro   0x000000000001130d       0x40 Drivers/STM32L1xx_HAL_Driver/Src/stm32l1xx_hal.o
 .debug_macro   0x000000000001134d       0x10 Drivers/STM32L1xx_HAL_Driver/Src/stm32l1xx_hal.o
 .debug_macro   0x000000000001135d       0x40 Drivers/STM32L1xx_HAL_Driver/Src/stm32l1xx_hal.o
 .debug_macro   0x000000000001139d       0xd7 Drivers/STM32L1xx_HAL_Driver/Src/stm32l1xx_hal.o
 .debug_macro   0x0000000000011474       0x1c Drivers/STM32L1xx_HAL_Driver/Src/stm32l1xx_hal.o
 .debug_macro   0x0000000000011490       0x3d Drivers/STM32L1xx_HAL_Driver/Src/stm32l1xx_hal.o
 .debug_macro   0x00000000000114cd       0x16 Drivers/STM32L1xx_HAL_Driver/Src/stm32l1xx_hal.o
 .debug_macro   0x00000000000114e3      0x16f Drivers/STM32L1xx_HAL_Driver/Src/stm32l1xx_hal.o
 .debug_macro   0x0000000000011652       0x50 Drivers/STM32L1xx_HAL_Driver/Src/stm32l1xx_hal.o
 .debug_macro   0x00000000000116a2      0xe3e Drivers/STM32L1xx_HAL_Driver/Src/stm32l1xx_hal.o
 .debug_macro   0x00000000000124e0      0x179 Drivers/STM32L1xx_HAL_Driver/Src/stm32l1xx_hal.o
 .debug_macro   0x0000000000012659      0x141 Drivers/STM32L1xx_HAL_Driver/Src/stm32l1xx_hal.o
 .debug_macro   0x000000000001279a       0xb4 Drivers/STM32L1xx_HAL_Driver/Src/stm32l1xx_hal.o
 .debug_macro   0x000000000001284e      0x25d Drivers/STM32L1xx_HAL_Driver/Src/stm32l1xx_hal.o
 .debug_macro   0x0000000000012aab      0x23a Drivers/STM32L1xx_HAL_Driver/Src/stm32l1xx_hal.o
 .debug_macro   0x0000000000012ce5      0x11a Drivers/STM32L1xx_HAL_Driver/Src/stm32l1xx_hal.o
 .debug_macro   0x0000000000012dff      0x36d Drivers/STM32L1xx_HAL_Driver/Src/stm32l1xx_hal.o
 .debug_macro   0x000000000001316c      0x199 Drivers/STM32L1xx_HAL_Driver/Src/stm32l1xx_hal.o
 .debug_macro   0x0000000000013305      0x1ed Drivers/STM32L1xx_HAL_Driver/Src/stm32l1xx_hal.o
 .debug_macro   0x00000000000134f2       0x1c Drivers/STM32L1xx_HAL_Driver/Src/stm32l1xx_hal.o
 .debug_macro   0x000000000001350e      0x1ed Drivers/STM32L1xx_HAL_Driver/Src/stm32l1xx_hal.o
 .debug_macro   0x00000000000136fb       0x1c Drivers/STM32L1xx_HAL_Driver/Src/stm32l1xx_hal.o
 .debug_macro   0x0000000000013717      0x757 Drivers/STM32L1xx_HAL_Driver/Src/stm32l1xx_hal.o
 .debug_macro   0x0000000000013e6e       0xac Drivers/STM32L1xx_HAL_Driver/Src/stm32l1xx_hal.o
 .debug_macro   0x0000000000013f1a      0x287 Drivers/STM32L1xx_HAL_Driver/Src/stm32l1xx_hal.o
 .debug_macro   0x00000000000141a1      0x3c1 Drivers/STM32L1xx_HAL_Driver/Src/stm32l1xx_hal.o
 .debug_macro   0x0000000000014562      0x307 Drivers/STM32L1xx_HAL_Driver/Src/stm32l1xx_hal_cortex.o
 .debug_macro   0x0000000000014869      0x307 Drivers/STM32L1xx_HAL_Driver/Src/stm32l1xx_hal_dma.o
 .debug_macro   0x0000000000014b70      0x340 Drivers/STM32L1xx_HAL_Driver/Src/stm32l1xx_hal_gpio.o
 .debug_macro   0x0000000000014eb0      0x308 Drivers/STM32L1xx_HAL_Driver/Src/stm32l1xx_hal_i2s.o
 .debug_macro   0x00000000000151b8      0x343 Drivers/STM32L1xx_HAL_Driver/Src/stm32l1xx_hal_rcc.o
 .debug_macro   0x00000000000154fb      0x30d Drivers/STM32L1xx_HAL_Driver/Src/stm32l1xx_hal_spi.o
 .debug_macro   0x0000000000015808      0x307 Drivers/STM32L1xx_HAL_Driver/Src/stm32l1xx_hal_spi_ex.o
 .debug_macro   0x0000000000015b0f      0x308 Drivers/STM32L1xx_HAL_Driver/Src/stm32l1xx_hal_tim.o
 .debug_macro   0x0000000000015e17      0x307 Drivers/STM32L1xx_HAL_Driver/Src/stm32l1xx_hal_tim_ex.o
 .debug_macro   0x000000000001611e      0x308 Drivers/STM32L1xx_HAL_Driver/Src/stm32l1xx_hal_uart.o
 .debug_macro   0x0000000000016426      0x356 Middlewares/Third_Party/FatFs/src/diskio.o
 .debug_macro   0x000000000001677c       0x16 Middlewares/Third_Party/FatFs/src/diskio.o
 .debug_macro   0x0000000000016792       0x7c Middlewares/Third_Party/FatFs/src/diskio.o
 .debug_macro   0x000000000001680e       0x7c Middlewares/Third_Party/FatFs/src/diskio.o
 .debug_macro   0x000000000001688a       0xda Middlewares/Third_Party/FatFs/src/diskio.o
 .debug_macro   0x0000000000016964       0xee Middlewares/Third_Party/FatFs/src/diskio.o
 .debug_macro   0x0000000000016a52      0x356 Middlewares/Third_Party/FatFs/src/ff_gen_drv.o
 .debug_macro   0x0000000000016da8      0x369 Src/fatfs.o
 .debug_macro   0x0000000000017111      0x3db Src/main.o
 .debug_macro   0x00000000000174ec       0x16 Src/main.o
 .debug_macro   0x0000000000017502       0x82 Src/main.o
 .debug_macro   0x0000000000017584      0x375 Src/sd.o
 .debug_macro   0x00000000000178f9      0x316 Src/stm32l1xx_hal_msp.o
 .debug_macro   0x0000000000017c0f      0x320 Src/stm32l1xx_it.o
 .debug_macro   0x0000000000017f2f      0x30d Src/system_stm32l1xx.o
 .debug_macro   0x000000000001823c      0x3be Src/user_diskio.o
 .debug_macro   0x00000000000185fa      0x174 Src/user_diskio.o
 .debug_macro   0x000000000001876e       0x10 Src/user_diskio.o

.debug_line     0x0000000000000000     0xd9af
 .debug_line    0x0000000000000000      0x953 Drivers/STM32L1xx_HAL_Driver/Src/stm32l1xx_hal.o
 .debug_line    0x0000000000000953      0xa2f Drivers/STM32L1xx_HAL_Driver/Src/stm32l1xx_hal_cortex.o
 .debug_line    0x0000000000001382      0xa48 Drivers/STM32L1xx_HAL_Driver/Src/stm32l1xx_hal_dma.o
 .debug_line    0x0000000000001dca      0x94f Drivers/STM32L1xx_HAL_Driver/Src/stm32l1xx_hal_gpio.o
 .debug_line    0x0000000000002719      0xcaa Drivers/STM32L1xx_HAL_Driver/Src/stm32l1xx_hal_i2s.o
 .debug_line    0x00000000000033c3      0xe00 Drivers/STM32L1xx_HAL_Driver/Src/stm32l1xx_hal_rcc.o
 .debug_line    0x00000000000041c3     0x10b5 Drivers/STM32L1xx_HAL_Driver/Src/stm32l1xx_hal_spi.o
 .debug_line    0x0000000000005278      0x82c Drivers/STM32L1xx_HAL_Driver/Src/stm32l1xx_hal_spi_ex.o
 .debug_line    0x0000000000005aa4     0x16a1 Drivers/STM32L1xx_HAL_Driver/Src/stm32l1xx_hal_tim.o
 .debug_line    0x0000000000007145      0x874 Drivers/STM32L1xx_HAL_Driver/Src/stm32l1xx_hal_tim_ex.o
 .debug_line    0x00000000000079b9      0xecd Drivers/STM32L1xx_HAL_Driver/Src/stm32l1xx_hal_uart.o
 .debug_line    0x0000000000008886      0x8a2 Middlewares/Third_Party/FatFs/src/diskio.o
 .debug_line    0x0000000000009128      0x8aa Middlewares/Third_Party/FatFs/src/ff_gen_drv.o
 .debug_line    0x00000000000099d2      0x899 Src/fatfs.o
 .debug_line    0x000000000000a26b      0x9f2 Src/main.o
 .debug_line    0x000000000000ac5d      0x9ff Src/sd.o
 .debug_line    0x000000000000b65c      0x8e4 Src/stm32l1xx_hal_msp.o
 .debug_line    0x000000000000bf40      0x8bc Src/stm32l1xx_it.o
 .debug_line    0x000000000000c7fc      0x81c Src/system_stm32l1xx.o
 .debug_line    0x000000000000d018      0x91a Src/user_diskio.o
 .debug_line    0x000000000000d932       0x7d startup/startup_stm32l100xc.o

.debug_str      0x0000000000000000    0x8801d
 .debug_str     0x0000000000000000    0x840bc Drivers/STM32L1xx_HAL_Driver/Src/stm32l1xx_hal.o
                                      0x84471 (size before relaxing)
 .debug_str     0x00000000000840bc      0x3e0 Drivers/STM32L1xx_HAL_Driver/Src/stm32l1xx_hal_cortex.o
                                      0x845bc (size before relaxing)
 .debug_str     0x000000000008449c      0x3e1 Drivers/STM32L1xx_HAL_Driver/Src/stm32l1xx_hal_dma.o
                                      0x8417f (size before relaxing)
 .debug_str     0x000000000008487d      0x295 Drivers/STM32L1xx_HAL_Driver/Src/stm32l1xx_hal_gpio.o
                                      0x8405f (size before relaxing)
 .debug_str     0x0000000000084b12      0x3f5 Drivers/STM32L1xx_HAL_Driver/Src/stm32l1xx_hal_i2s.o
                                      0x84398 (size before relaxing)
 .debug_str     0x0000000000084f07      0x52f Drivers/STM32L1xx_HAL_Driver/Src/stm32l1xx_hal_rcc.o
                                      0x843d6 (size before relaxing)
 .debug_str     0x0000000000085436      0x4cc Drivers/STM32L1xx_HAL_Driver/Src/stm32l1xx_hal_spi.o
                                      0x844ff (size before relaxing)
 .debug_str     0x0000000000085902       0x3b Drivers/STM32L1xx_HAL_Driver/Src/stm32l1xx_hal_spi_ex.o
                                      0x84149 (size before relaxing)
 .debug_str     0x000000000008593d      0xe41 Drivers/STM32L1xx_HAL_Driver/Src/stm32l1xx_hal_tim.o
                                      0x84e55 (size before relaxing)
 .debug_str     0x000000000008677e       0xc7 Drivers/STM32L1xx_HAL_Driver/Src/stm32l1xx_hal_tim_ex.o
                                      0x841a4 (size before relaxing)
 .debug_str     0x0000000000086845      0x4c6 Drivers/STM32L1xx_HAL_Driver/Src/stm32l1xx_hal_uart.o
                                      0x84500 (size before relaxing)
 .debug_str     0x0000000000086d0b      0xa5d Middlewares/Third_Party/FatFs/src/diskio.o
                                      0x84769 (size before relaxing)
 .debug_str     0x0000000000087768       0xa7 Middlewares/Third_Party/FatFs/src/ff_gen_drv.o
                                      0x847ba (size before relaxing)
 .debug_str     0x000000000008780f      0x11b Src/fatfs.o
                                      0x8483d (size before relaxing)
 .debug_str     0x000000000008792a      0x43c Src/main.o
                                      0x85b60 (size before relaxing)
 .debug_str     0x0000000000087d66       0xa7 Src/sd.o
                                      0x846ba (size before relaxing)
 .debug_str     0x0000000000087e0d       0x25 Src/stm32l1xx_hal_msp.o
                                      0x84c4a (size before relaxing)
 .debug_str     0x0000000000087e32       0xf3 Src/stm32l1xx_it.o
                                      0x84577 (size before relaxing)
 .debug_str     0x0000000000087f25       0x72 Src/system_stm32l1xx.o
                                      0x83e36 (size before relaxing)
 .debug_str     0x0000000000087f97       0x56 Src/user_diskio.o
                                      0x84aa6 (size before relaxing)
 .debug_str     0x0000000000087fed       0x30 startup/startup_stm32l100xc.o
                                         0x5b (size before relaxing)

.comment        0x0000000000000000       0x7e
 .comment       0x0000000000000000       0x7e Drivers/STM32L1xx_HAL_Driver/Src/stm32l1xx_hal.o
                                         0x7f (size before relaxing)
 .comment       0x000000000000007e       0x7f Drivers/STM32L1xx_HAL_Driver/Src/stm32l1xx_hal_cortex.o
 .comment       0x000000000000007e       0x7f Drivers/STM32L1xx_HAL_Driver/Src/stm32l1xx_hal_dma.o
 .comment       0x000000000000007e       0x7f Drivers/STM32L1xx_HAL_Driver/Src/stm32l1xx_hal_gpio.o
 .comment       0x000000000000007e       0x7f Drivers/STM32L1xx_HAL_Driver/Src/stm32l1xx_hal_i2s.o
 .comment       0x000000000000007e       0x7f Drivers/STM32L1xx_HAL_Driver/Src/stm32l1xx_hal_rcc.o
 .comment       0x000000000000007e       0x7f Drivers/STM32L1xx_HAL_Driver/Src/stm32l1xx_hal_spi.o
 .comment       0x000000000000007e       0x7f Drivers/STM32L1xx_HAL_Driver/Src/stm32l1xx_hal_spi_ex.o
 .comment       0x000000000000007e       0x7f Drivers/STM32L1xx_HAL_Driver/Src/stm32l1xx_hal_tim.o
 .comment       0x000000000000007e       0x7f Drivers/STM32L1xx_HAL_Driver/Src/stm32l1xx_hal_tim_ex.o
 .comment       0x000000000000007e       0x7f Drivers/STM32L1xx_HAL_Driver/Src/stm32l1xx_hal_uart.o
 .comment       0x000000000000007e       0x7f Middlewares/Third_Party/FatFs/src/diskio.o
 .comment       0x000000000000007e       0x7f Middlewares/Third_Party/FatFs/src/ff_gen_drv.o
 .comment       0x000000000000007e       0x7f Src/fatfs.o
 .comment       0x000000000000007e       0x7f Src/main.o
 .comment       0x000000000000007e       0x7f Src/sd.o
 .comment       0x000000000000007e       0x7f Src/stm32l1xx_hal_msp.o
 .comment       0x000000000000007e       0x7f Src/stm32l1xx_it.o
 .comment       0x000000000000007e       0x7f Src/system_stm32l1xx.o
 .comment       0x000000000000007e       0x7f Src/user_diskio.o

.debug_frame    0x0000000000000000     0x2498
 .debug_frame   0x0000000000000000      0x168 Drivers/STM32L1xx_HAL_Driver/Src/stm32l1xx_hal.o
 .debug_frame   0x0000000000000168      0x15c Drivers/STM32L1xx_HAL_Driver/Src/stm32l1xx_hal_cortex.o
 .debug_frame   0x00000000000002c4      0x154 Drivers/STM32L1xx_HAL_Driver/Src/stm32l1xx_hal_dma.o
 .debug_frame   0x0000000000000418       0xec Drivers/STM32L1xx_HAL_Driver/Src/stm32l1xx_hal_gpio.o
 .debug_frame   0x0000000000000504      0x2ec Drivers/STM32L1xx_HAL_Driver/Src/stm32l1xx_hal_i2s.o
 .debug_frame   0x00000000000007f0      0x168 Drivers/STM32L1xx_HAL_Driver/Src/stm32l1xx_hal_rcc.o
 .debug_frame   0x0000000000000958      0x3d4 Drivers/STM32L1xx_HAL_Driver/Src/stm32l1xx_hal_spi.o
 .debug_frame   0x0000000000000d2c       0x2c Drivers/STM32L1xx_HAL_Driver/Src/stm32l1xx_hal_spi_ex.o
 .debug_frame   0x0000000000000d58      0x9c8 Drivers/STM32L1xx_HAL_Driver/Src/stm32l1xx_hal_tim.o
 .debug_frame   0x0000000000001720       0x3c Drivers/STM32L1xx_HAL_Driver/Src/stm32l1xx_hal_tim_ex.o
 .debug_frame   0x000000000000175c      0x380 Drivers/STM32L1xx_HAL_Driver/Src/stm32l1xx_hal_uart.o
 .debug_frame   0x0000000000001adc       0xa0 Middlewares/Third_Party/FatFs/src/diskio.o
 .debug_frame   0x0000000000001b7c       0x7c Middlewares/Third_Party/FatFs/src/ff_gen_drv.o
 .debug_frame   0x0000000000001bf8       0x38 Src/fatfs.o
 .debug_frame   0x0000000000001c30      0x110 Src/main.o
 .debug_frame   0x0000000000001d40      0x10c Src/sd.o
 .debug_frame   0x0000000000001e4c      0x10c Src/stm32l1xx_hal_msp.o
 .debug_frame   0x0000000000001f58       0xf0 Src/stm32l1xx_it.o
 .debug_frame   0x0000000000002048       0x30 Src/system_stm32l1xx.o
 .debug_frame   0x0000000000002078       0x68 Src/user_diskio.o
 .debug_frame   0x00000000000020e0       0x2c /home/once2go/Ac6/SystemWorkbench/plugins/fr.ac6.mcu.externaltools.arm-none.linux64_1.16.0.201807130628/tools/compiler/bin/../lib/gcc/arm-none-eabi/7.2.1/../../../../arm-none-eabi/lib/thumb/v7-m/libc_nano.a(lib_a-init.o)
 .debug_frame   0x000000000000210c       0x20 /home/once2go/Ac6/SystemWorkbench/plugins/fr.ac6.mcu.externaltools.arm-none.linux64_1.16.0.201807130628/tools/compiler/bin/../lib/gcc/arm-none-eabi/7.2.1/../../../../arm-none-eabi/lib/thumb/v7-m/libc_nano.a(lib_a-memset.o)
 .debug_frame   0x000000000000212c       0x6c /home/once2go/Ac6/SystemWorkbench/plugins/fr.ac6.mcu.externaltools.arm-none.linux64_1.16.0.201807130628/tools/compiler/bin/../lib/gcc/arm-none-eabi/7.2.1/../../../../arm-none-eabi/lib/thumb/v7-m/libc_nano.a(lib_a-sprintf.o)
 .debug_frame   0x0000000000002198       0x90 /home/once2go/Ac6/SystemWorkbench/plugins/fr.ac6.mcu.externaltools.arm-none.linux64_1.16.0.201807130628/tools/compiler/bin/../lib/gcc/arm-none-eabi/7.2.1/../../../../arm-none-eabi/lib/thumb/v7-m/libc_nano.a(lib_a-nano-svfprintf.o)
 .debug_frame   0x0000000000002228       0x60 /home/once2go/Ac6/SystemWorkbench/plugins/fr.ac6.mcu.externaltools.arm-none.linux64_1.16.0.201807130628/tools/compiler/bin/../lib/gcc/arm-none-eabi/7.2.1/../../../../arm-none-eabi/lib/thumb/v7-m/libc_nano.a(lib_a-nano-vfprintf_i.o)
 .debug_frame   0x0000000000002288       0x28 /home/once2go/Ac6/SystemWorkbench/plugins/fr.ac6.mcu.externaltools.arm-none.linux64_1.16.0.201807130628/tools/compiler/bin/../lib/gcc/arm-none-eabi/7.2.1/../../../../arm-none-eabi/lib/thumb/v7-m/libc_nano.a(lib_a-memchr-stub.o)
 .debug_frame   0x00000000000022b0       0x28 /home/once2go/Ac6/SystemWorkbench/plugins/fr.ac6.mcu.externaltools.arm-none.linux64_1.16.0.201807130628/tools/compiler/bin/../lib/gcc/arm-none-eabi/7.2.1/../../../../arm-none-eabi/lib/thumb/v7-m/libc_nano.a(lib_a-memcpy-stub.o)
 .debug_frame   0x00000000000022d8       0x28 /home/once2go/Ac6/SystemWorkbench/plugins/fr.ac6.mcu.externaltools.arm-none.linux64_1.16.0.201807130628/tools/compiler/bin/../lib/gcc/arm-none-eabi/7.2.1/../../../../arm-none-eabi/lib/thumb/v7-m/libc_nano.a(lib_a-memmove.o)
 .debug_frame   0x0000000000002300       0x38 /home/once2go/Ac6/SystemWorkbench/plugins/fr.ac6.mcu.externaltools.arm-none.linux64_1.16.0.201807130628/tools/compiler/bin/../lib/gcc/arm-none-eabi/7.2.1/../../../../arm-none-eabi/lib/thumb/v7-m/libc_nano.a(lib_a-nano-freer.o)
 .debug_frame   0x0000000000002338       0x2c /home/once2go/Ac6/SystemWorkbench/plugins/fr.ac6.mcu.externaltools.arm-none.linux64_1.16.0.201807130628/tools/compiler/bin/../lib/gcc/arm-none-eabi/7.2.1/../../../../arm-none-eabi/lib/thumb/v7-m/libc_nano.a(lib_a-nano-mallocr.o)
 .debug_frame   0x0000000000002364       0x3c /home/once2go/Ac6/SystemWorkbench/plugins/fr.ac6.mcu.externaltools.arm-none.linux64_1.16.0.201807130628/tools/compiler/bin/../lib/gcc/arm-none-eabi/7.2.1/../../../../arm-none-eabi/lib/thumb/v7-m/libc_nano.a(lib_a-nano-reallocr.o)
 .debug_frame   0x00000000000023a0       0x2c /home/once2go/Ac6/SystemWorkbench/plugins/fr.ac6.mcu.externaltools.arm-none.linux64_1.16.0.201807130628/tools/compiler/bin/../lib/gcc/arm-none-eabi/7.2.1/../../../../arm-none-eabi/lib/thumb/v7-m/libc_nano.a(lib_a-sbrkr.o)
 .debug_frame   0x00000000000023cc       0x30 /home/once2go/Ac6/SystemWorkbench/plugins/fr.ac6.mcu.externaltools.arm-none.linux64_1.16.0.201807130628/tools/compiler/bin/../lib/gcc/arm-none-eabi/7.2.1/../../../../arm-none-eabi/lib/thumb/v7-m/libc_nano.a(lib_a-mlock.o)
 .debug_frame   0x00000000000023fc       0x20 /home/once2go/Ac6/SystemWorkbench/plugins/fr.ac6.mcu.externaltools.arm-none.linux64_1.16.0.201807130628/tools/compiler/bin/../lib/gcc/arm-none-eabi/7.2.1/../../../../arm-none-eabi/lib/thumb/v7-m/libc_nano.a(lib_a-nano-msizer.o)
 .debug_frame   0x000000000000241c       0x5c /home/once2go/Ac6/SystemWorkbench/plugins/fr.ac6.mcu.externaltools.arm-none.linux64_1.16.0.201807130628/tools/compiler/bin/../lib/gcc/arm-none-eabi/7.2.1/../../../../arm-none-eabi/lib/thumb/v7-m/libc_nano.a(lib_a-reent.o)
 .debug_frame   0x0000000000002478       0x20 /home/once2go/Ac6/SystemWorkbench/plugins/fr.ac6.mcu.externaltools.arm-none.linux64_1.16.0.201807130628/tools/compiler/bin/../lib/gcc/arm-none-eabi/7.2.1/../../../../arm-none-eabi/lib/thumb/v7-m/libnosys.a(sbrk.o)
